Component: ARM Compiler 5.06 update 1 (build 61) Tool: armlink [4d35a8]

==============================================================================

Section Cross References

    main.o(i.GPIO_ConfigInit) refers to hal_gpio.o(i.GPIO_Init) for GPIO_Init
    main.o(i.InitSystick) refers to aeabi_sdiv.o(.text) for __aeabi_uidivmod
    main.o(i.InitSystick) refers to main.o(i.NVIC_SetPriority) for NVIC_SetPriority
    main.o(i.InitSystick) refers to system_mm32f003_q.o(.data) for SystemCoreClock
    main.o(i.NVIC_ConfigInit) refers to hal_misc.o(i.NVIC_Init) for NVIC_Init
    main.o(i.RCC_ConfigInit) refers to hal_rcc.o(i.RCC_AHBPeriphClockCmd) for RCC_AHBPeriphClockCmd
    main.o(i.SysTick_Handler) refers to main.o(.data) for SysTick_Count
    main.o(i.UART_IRQHandler) refers to hal_uart.o(i.UART_GetITStatus) for UART_GetITStatus
    main.o(i.UART_IRQHandler) refers to hal_uart.o(i.UART_ClearITPendingBit) for UART_ClearITPendingBit
    main.o(i.UART_IRQHandler) refers to hal_uart.o(i.UART_ReceiveData) for UART_ReceiveData
    main.o(i.UART_IRQHandler) refers to aeabi_sdiv.o(.text) for __aeabi_idivmod
    main.o(i.UART_IRQHandler) refers to main.o(i.UartSendByte) for UartSendByte
    main.o(i.UART_IRQHandler) refers to hal_uart.o(i.UART_ITConfig) for UART_ITConfig
    main.o(i.UART_IRQHandler) refers to main.o(.data) for rx_cnt
    main.o(i.UART_IRQHandler) refers to main.o(.bss) for printBuf
    main.o(i.UartSendAscii) refers to main.o(i.UartSendByte) for UartSendByte
    main.o(i.UartSendByte) refers to hal_uart.o(i.UART_SendData) for UART_SendData
    main.o(i.UartSendByte) refers to hal_uart.o(i.UART_GetFlagStatus) for UART_GetFlagStatus
    main.o(i.UartSendGroup) refers to main.o(i.UartSendByte) for UartSendByte
    main.o(i.Uart_ConfigInit) refers to hal_rcc.o(i.RCC_APB1PeriphClockCmd) for RCC_APB1PeriphClockCmd
    main.o(i.Uart_ConfigInit) refers to hal_rcc.o(i.RCC_AHBPeriphClockCmd) for RCC_AHBPeriphClockCmd
    main.o(i.Uart_ConfigInit) refers to hal_gpio.o(i.GPIO_PinAFConfig) for GPIO_PinAFConfig
    main.o(i.Uart_ConfigInit) refers to hal_uart.o(i.UART_Init) for UART_Init
    main.o(i.Uart_ConfigInit) refers to hal_uart.o(i.UART_ITConfig) for UART_ITConfig
    main.o(i.Uart_ConfigInit) refers to hal_uart.o(i.UART_Cmd) for UART_Cmd
    main.o(i.Uart_ConfigInit) refers to hal_gpio.o(i.GPIO_Init) for GPIO_Init
    main.o(i.main) refers to main.o(i.InitSystick) for InitSystick
    main.o(i.main) refers to main.o(i.RCC_ConfigInit) for RCC_ConfigInit
    main.o(i.main) refers to main.o(i.GPIO_ConfigInit) for GPIO_ConfigInit
    main.o(i.main) refers to main.o(i.NVIC_ConfigInit) for NVIC_ConfigInit
    main.o(i.main) refers to main.o(i.Uart_ConfigInit) for Uart_ConfigInit
    main.o(i.main) refers to __2sprintf.o(.text) for __2sprintf
    main.o(i.main) refers to main.o(i.UartSendGroup) for UartSendGroup
    main.o(i.main) refers to main.o(i.UartSendAscii) for UartSendAscii
    main.o(i.main) refers to hal_uart.o(i.UART_ITConfig) for UART_ITConfig
    main.o(i.main) refers to main.o(.bss) for printBuf
    main.o(i.main) refers to main.o(.data) for tx_flag
    main.o(.data) refers to main.o(.bss) for printBuf
    system_mm32f003_q.o(i.SetSysClock) refers to system_mm32f003_q.o(i.SetSysClockTo48_HSI) for SetSysClockTo48_HSI
    system_mm32f003_q.o(i.SystemInit) refers to system_mm32f003_q.o(i.SetSysClock) for SetSysClock
    startup_mm32f003_q.o(STACK) refers (Special) to heapauxi.o(.text) for __use_two_region_memory
    startup_mm32f003_q.o(HEAP) refers (Special) to heapauxi.o(.text) for __use_two_region_memory
    startup_mm32f003_q.o(RESET) refers (Special) to heapauxi.o(.text) for __use_two_region_memory
    startup_mm32f003_q.o(RESET) refers to startup_mm32f003_q.o(STACK) for __initial_sp
    startup_mm32f003_q.o(RESET) refers to startup_mm32f003_q.o(.text) for Reset_Handler
    startup_mm32f003_q.o(RESET) refers to main.o(i.SysTick_Handler) for SysTick_Handler
    startup_mm32f003_q.o(.text) refers (Special) to heapauxi.o(.text) for __use_two_region_memory
    startup_mm32f003_q.o(.text) refers to startup_mm32f003_q.o(STACK) for __initial_sp
    startup_mm32f003_q.o(.text) refers to system_mm32f003_q.o(i.SystemInit) for SystemInit
    startup_mm32f003_q.o(.text) refers to __main.o(!!!main) for __main
    startup_mm32f003_q.o(.text) refers to startup_mm32f003_q.o(HEAP) for Heap_Mem
    hal_adc.o(i.ADC_DeInit) refers to hal_rcc.o(i.RCC_APB2PeriphResetCmd) for RCC_APB2PeriphResetCmd
    hal_adc.o(i.ADC_RegularChannelConfig) refers to hal_adc.o(i.__ARM_common_switch8) for __ARM_common_switch8
    hal_flash.o(i.FLASH_EnableWriteProtection) refers to hal_flash.o(i.FLASH_WaitForLastOperation) for FLASH_WaitForLastOperation
    hal_flash.o(i.FLASH_EraseAllPages) refers to hal_flash.o(i.FLASH_WaitForLastOperation) for FLASH_WaitForLastOperation
    hal_flash.o(i.FLASH_EraseOptionBytes) refers to hal_flash.o(i.FLASH_WaitForLastOperation) for FLASH_WaitForLastOperation
    hal_flash.o(i.FLASH_ErasePage) refers to hal_flash.o(i.FLASH_WaitForLastOperation) for FLASH_WaitForLastOperation
    hal_flash.o(i.FLASH_ProgramHalfWord) refers to hal_flash.o(i.FLASH_WaitForLastOperation) for FLASH_WaitForLastOperation
    hal_flash.o(i.FLASH_ProgramOptionByteData) refers to hal_flash.o(i.FLASH_WaitForLastOperation) for FLASH_WaitForLastOperation
    hal_flash.o(i.FLASH_ProgramWord) refers to hal_flash.o(i.FLASH_WaitForLastOperation) for FLASH_WaitForLastOperation
    hal_flash.o(i.FLASH_ReadOutProtection) refers to hal_flash.o(i.FLASH_WaitForLastOperation) for FLASH_WaitForLastOperation
    hal_flash.o(i.FLASH_UserOptionByteConfig) refers to hal_flash.o(i.FLASH_WaitForLastOperation) for FLASH_WaitForLastOperation
    hal_flash.o(i.FLASH_WaitForLastOperation) refers to hal_flash.o(i.FLASH_GetStatus) for FLASH_GetStatus
    hal_flash.o(i.FLASH_WaitForLastOperation) refers to hal_flash.o(i.delay) for delay
    hal_gpio.o(i.GPIO_DeInit) refers to hal_rcc.o(i.RCC_AHBPeriphClockCmd) for RCC_AHBPeriphClockCmd
    hal_i2c.o(i.I2C_CheckEvent) refers to hal_i2c.o(.data) for I2C_CMD_DIR
    hal_i2c.o(i.I2C_DMACmd) refers to hal_i2c.o(.data) for I2C_DMA_DIR
    hal_i2c.o(i.I2C_DeInit) refers to hal_rcc.o(i.RCC_APB1PeriphResetCmd) for RCC_APB1PeriphResetCmd
    hal_i2c.o(i.I2C_GetFlagStatus) refers to hal_i2c.o(.data) for I2C_CMD_DIR
    hal_i2c.o(i.I2C_Init) refers to hal_rcc.o(i.RCC_GetClocksFreq) for RCC_GetClocksFreq
    hal_i2c.o(i.I2C_Init) refers to aeabi_sdiv.o(.text) for __aeabi_uidivmod
    hal_i2c.o(i.I2C_ReceiveData) refers to hal_i2c.o(.data) for I2C_CMD_DIR
    hal_pwr.o(i.PWR_DeInit) refers to hal_rcc.o(i.RCC_APB1PeriphResetCmd) for RCC_APB1PeriphResetCmd
    hal_rcc.o(i.RCC_GetClocksFreq) refers to hal_rcc.o(.data) for APBAHBPrescTable
    hal_rcc.o(i.RCC_WaitForHSEStartUp) refers to hal_rcc.o(i.RCC_GetFlagStatus) for RCC_GetFlagStatus
    hal_spi.o(i.SPI_DeInit) refers to hal_rcc.o(i.RCC_APB2PeriphResetCmd) for RCC_APB2PeriphResetCmd
    hal_tim.o(i.TIM_DeInit) refers to hal_rcc.o(i.RCC_APB2PeriphResetCmd) for RCC_APB2PeriphResetCmd
    hal_tim.o(i.TIM_DeInit) refers to hal_rcc.o(i.RCC_APB1PeriphResetCmd) for RCC_APB1PeriphResetCmd
    hal_tim.o(i.TIM_ETRClockMode1Config) refers to hal_tim.o(i.TIM_ETRConfig) for TIM_ETRConfig
    hal_tim.o(i.TIM_ETRClockMode2Config) refers to hal_tim.o(i.TIM_ETRConfig) for TIM_ETRConfig
    hal_tim.o(i.TIM_ICInit) refers to hal_tim.o(i.TI1_Config) for TI1_Config
    hal_tim.o(i.TIM_ICInit) refers to hal_tim.o(i.TIM_SetIC1Prescaler) for TIM_SetIC1Prescaler
    hal_tim.o(i.TIM_ICInit) refers to hal_tim.o(i.TI2_Config) for TI2_Config
    hal_tim.o(i.TIM_ICInit) refers to hal_tim.o(i.TIM_SetIC2Prescaler) for TIM_SetIC2Prescaler
    hal_tim.o(i.TIM_ICInit) refers to hal_tim.o(i.TI3_Config) for TI3_Config
    hal_tim.o(i.TIM_ICInit) refers to hal_tim.o(i.TIM_SetIC3Prescaler) for TIM_SetIC3Prescaler
    hal_tim.o(i.TIM_ICInit) refers to hal_tim.o(i.TI4_Config) for TI4_Config
    hal_tim.o(i.TIM_ICInit) refers to hal_tim.o(i.TIM_SetIC4Prescaler) for TIM_SetIC4Prescaler
    hal_tim.o(i.TIM_ITRxExternalClockConfig) refers to hal_tim.o(i.TIM_SelectInputTrigger) for TIM_SelectInputTrigger
    hal_tim.o(i.TIM_PWMIConfig) refers to hal_tim.o(i.TI1_Config) for TI1_Config
    hal_tim.o(i.TIM_PWMIConfig) refers to hal_tim.o(i.TIM_SetIC1Prescaler) for TIM_SetIC1Prescaler
    hal_tim.o(i.TIM_PWMIConfig) refers to hal_tim.o(i.TI2_Config) for TI2_Config
    hal_tim.o(i.TIM_PWMIConfig) refers to hal_tim.o(i.TIM_SetIC2Prescaler) for TIM_SetIC2Prescaler
    hal_tim.o(i.TIM_TIxExternalClockConfig) refers to hal_tim.o(i.TI2_Config) for TI2_Config
    hal_tim.o(i.TIM_TIxExternalClockConfig) refers to hal_tim.o(i.TI1_Config) for TI1_Config
    hal_tim.o(i.TIM_TIxExternalClockConfig) refers to hal_tim.o(i.TIM_SelectInputTrigger) for TIM_SelectInputTrigger
    hal_uart.o(i.UART_DeInit) refers to hal_rcc.o(i.RCC_APB1PeriphResetCmd) for RCC_APB1PeriphResetCmd
    hal_uart.o(i.UART_Init) refers to hal_rcc.o(i.RCC_GetClocksFreq) for RCC_GetClocksFreq
    hal_uart.o(i.UART_Init) refers to aeabi_sdiv.o(.text) for __aeabi_uidivmod
    hal_wwdg.o(i.WWDG_DeInit) refers to hal_rcc.o(i.RCC_APB1PeriphResetCmd) for RCC_APB1PeriphResetCmd
    __2sprintf.o(.text) refers to _printf_char_common.o(.text) for _printf_char_common
    __2sprintf.o(.text) refers to _sputc.o(.text) for _sputc
    noretval__2sprintf.o(.text) refers to _printf_char_common.o(.text) for _printf_char_common
    noretval__2sprintf.o(.text) refers to _sputc.o(.text) for _sputc
    __main.o(!!!main) refers to __rtentry.o(.ARM.Collect$$rtentry$$00000000) for __rt_entry
    __rtentry.o(.ARM.Collect$$rtentry$$00000000) refers (Special) to __rtentry2.o(.ARM.Collect$$rtentry$$0000000A) for __rt_entry_li
    __rtentry.o(.ARM.Collect$$rtentry$$00000000) refers (Special) to __rtentry2.o(.ARM.Collect$$rtentry$$0000000D) for __rt_entry_main
    __rtentry.o(.ARM.Collect$$rtentry$$00000000) refers (Special) to __rtentry2.o(.ARM.Collect$$rtentry$$0000000C) for __rt_entry_postli_1
    __rtentry.o(.ARM.Collect$$rtentry$$00000000) refers (Special) to __rtentry2.o(.ARM.Collect$$rtentry$$00000009) for __rt_entry_postsh_1
    __rtentry.o(.ARM.Collect$$rtentry$$00000000) refers (Special) to __rtentry2.o(.ARM.Collect$$rtentry$$00000002) for __rt_entry_presh_1
    __rtentry.o(.ARM.Collect$$rtentry$$00000000) refers (Special) to __rtentry4.o(.ARM.Collect$$rtentry$$00000004) for __rt_entry_sh
    aeabi_idiv0_sigfpe.o(.text) refers to rt_div0.o(.text) for __rt_div0
    _printf_char_common.o(.text) refers to __printf_nopercent.o(.text) for __printf
    __rtentry2.o(.ARM.Collect$$rtentry$$00000008) refers to boardinit2.o(.text) for _platform_post_stackheap_init
    __rtentry2.o(.ARM.Collect$$rtentry$$0000000A) refers to libinit.o(.ARM.Collect$$libinit$$00000000) for __rt_lib_init
    __rtentry2.o(.ARM.Collect$$rtentry$$0000000B) refers to boardinit3.o(.text) for _platform_post_lib_init
    __rtentry2.o(.ARM.Collect$$rtentry$$0000000D) refers to main.o(i.main) for main
    __rtentry2.o(.ARM.Collect$$rtentry$$0000000D) refers to exit.o(.text) for exit
    __rtentry2.o(.ARM.exidx) refers to __rtentry2.o(.ARM.Collect$$rtentry$$00000001) for .ARM.Collect$$rtentry$$00000001
    __rtentry2.o(.ARM.exidx) refers to __rtentry2.o(.ARM.Collect$$rtentry$$00000008) for .ARM.Collect$$rtentry$$00000008
    __rtentry2.o(.ARM.exidx) refers to __rtentry2.o(.ARM.Collect$$rtentry$$0000000A) for .ARM.Collect$$rtentry$$0000000A
    __rtentry2.o(.ARM.exidx) refers to __rtentry2.o(.ARM.Collect$$rtentry$$0000000B) for .ARM.Collect$$rtentry$$0000000B
    __rtentry2.o(.ARM.exidx) refers to __rtentry2.o(.ARM.Collect$$rtentry$$0000000D) for .ARM.Collect$$rtentry$$0000000D
    __rtentry4.o(.ARM.Collect$$rtentry$$00000004) refers to sys_stackheap_outer.o(.text) for __user_setup_stackheap
    __rtentry4.o(.ARM.exidx) refers to __rtentry4.o(.ARM.Collect$$rtentry$$00000004) for .ARM.Collect$$rtentry$$00000004
    rt_div0.o(.text) refers to defsig_fpe_outer.o(.text) for __rt_SIGFPE
    sys_stackheap_outer.o(.text) refers to libspace.o(.text) for __user_perproc_libspace
    sys_stackheap_outer.o(.text) refers to startup_mm32f003_q.o(.text) for __user_initial_stackheap
    sys_stackheap_outer.o(__vectab_stack_and_reset_area) refers to tempstk.o(.text) for __temporary_stack_top
    sys_stackheap_outer.o(__vectab_stack_and_reset_area) refers to __main.o(!!!main) for __main
    exit.o(.text) refers to rtexit.o(.ARM.Collect$$rtexit$$00000000) for __rt_exit
    defsig_fpe_outer.o(.text) refers to defsig_fpe_inner.o(.text) for __rt_SIGFPE_inner
    defsig_fpe_outer.o(.text) refers to defsig_exit.o(.text) for __sig_exit
    defsig_fpe_formal.o(.text) refers to rt_raise.o(.text) for __rt_raise
    libinit.o(.ARM.Collect$$libinit$$00000000) refers (Special) to libinit2.o(.ARM.Collect$$libinit$$0000002E) for __rt_lib_init_alloca_1
    libinit.o(.ARM.Collect$$libinit$$00000000) refers (Special) to libinit2.o(.ARM.Collect$$libinit$$0000002C) for __rt_lib_init_argv_1
    libinit.o(.ARM.Collect$$libinit$$00000000) refers (Special) to libinit2.o(.ARM.Collect$$libinit$$0000001B) for __rt_lib_init_atexit_1
    libinit.o(.ARM.Collect$$libinit$$00000000) refers (Special) to libinit2.o(.ARM.Collect$$libinit$$00000021) for __rt_lib_init_clock_1
    libinit.o(.ARM.Collect$$libinit$$00000000) refers (Special) to libinit2.o(.ARM.Collect$$libinit$$00000032) for __rt_lib_init_cpp_1
    libinit.o(.ARM.Collect$$libinit$$00000000) refers (Special) to libinit2.o(.ARM.Collect$$libinit$$00000030) for __rt_lib_init_exceptions_1
    libinit.o(.ARM.Collect$$libinit$$00000000) refers (Special) to libinit2.o(.ARM.Collect$$libinit$$00000002) for __rt_lib_init_fp_1
    libinit.o(.ARM.Collect$$libinit$$00000000) refers (Special) to libinit2.o(.ARM.Collect$$libinit$$0000001F) for __rt_lib_init_fp_trap_1
    libinit.o(.ARM.Collect$$libinit$$00000000) refers (Special) to libinit2.o(.ARM.Collect$$libinit$$00000023) for __rt_lib_init_getenv_1
    libinit.o(.ARM.Collect$$libinit$$00000000) refers (Special) to libinit2.o(.ARM.Collect$$libinit$$0000000A) for __rt_lib_init_heap_1
    libinit.o(.ARM.Collect$$libinit$$00000000) refers (Special) to libinit2.o(.ARM.Collect$$libinit$$00000011) for __rt_lib_init_lc_collate_1
    libinit.o(.ARM.Collect$$libinit$$00000000) refers (Special) to libinit2.o(.ARM.Collect$$libinit$$00000013) for __rt_lib_init_lc_ctype_1
    libinit.o(.ARM.Collect$$libinit$$00000000) refers (Special) to libinit2.o(.ARM.Collect$$libinit$$00000015) for __rt_lib_init_lc_monetary_1
    libinit.o(.ARM.Collect$$libinit$$00000000) refers (Special) to libinit2.o(.ARM.Collect$$libinit$$00000017) for __rt_lib_init_lc_numeric_1
    libinit.o(.ARM.Collect$$libinit$$00000000) refers (Special) to libinit2.o(.ARM.Collect$$libinit$$00000019) for __rt_lib_init_lc_time_1
    libinit.o(.ARM.Collect$$libinit$$00000000) refers (Special) to libinit2.o(.ARM.Collect$$libinit$$00000004) for __rt_lib_init_preinit_1
    libinit.o(.ARM.Collect$$libinit$$00000000) refers (Special) to libinit2.o(.ARM.Collect$$libinit$$0000000E) for __rt_lib_init_rand_1
    libinit.o(.ARM.Collect$$libinit$$00000000) refers (Special) to libinit2.o(.ARM.Collect$$libinit$$00000033) for __rt_lib_init_return
    libinit.o(.ARM.Collect$$libinit$$00000000) refers (Special) to libinit2.o(.ARM.Collect$$libinit$$0000001D) for __rt_lib_init_signal_1
    libinit.o(.ARM.Collect$$libinit$$00000000) refers (Special) to libinit2.o(.ARM.Collect$$libinit$$00000025) for __rt_lib_init_stdio_1
    libinit.o(.ARM.Collect$$libinit$$00000000) refers (Special) to libinit2.o(.ARM.Collect$$libinit$$0000000C) for __rt_lib_init_user_alloc_1
    libspace.o(.text) refers to libspace.o(.bss) for __libspace_start
    rtexit.o(.ARM.Collect$$rtexit$$00000000) refers (Special) to rtexit2.o(.ARM.Collect$$rtexit$$00000004) for __rt_exit_exit
    rtexit.o(.ARM.Collect$$rtexit$$00000000) refers (Special) to rtexit2.o(.ARM.Collect$$rtexit$$00000003) for __rt_exit_ls
    rtexit.o(.ARM.Collect$$rtexit$$00000000) refers (Special) to rtexit2.o(.ARM.Collect$$rtexit$$00000002) for __rt_exit_prels_1
    rtexit.o(.ARM.exidx) refers (Special) to rtexit2.o(.ARM.Collect$$rtexit$$00000004) for __rt_exit_exit
    rtexit.o(.ARM.exidx) refers (Special) to rtexit2.o(.ARM.Collect$$rtexit$$00000003) for __rt_exit_ls
    rtexit.o(.ARM.exidx) refers (Special) to rtexit2.o(.ARM.Collect$$rtexit$$00000002) for __rt_exit_prels_1
    rtexit.o(.ARM.exidx) refers to rtexit.o(.ARM.Collect$$rtexit$$00000000) for .ARM.Collect$$rtexit$$00000000
    rt_raise.o(.text) refers to __raise.o(.text) for __raise
    rt_raise.o(.text) refers to sys_exit.o(.text) for _sys_exit
    defsig_exit.o(.text) refers to sys_exit.o(.text) for _sys_exit
    defsig_fpe_inner.o(.text) refers to defsig_general.o(.text) for __default_signal_display
    libinit2.o(.ARM.Collect$$libinit$$00000010) refers to libinit2.o(.ARM.Collect$$libinit$$0000000F) for .ARM.Collect$$libinit$$0000000F
    libinit2.o(.ARM.Collect$$libinit$$00000012) refers to libinit2.o(.ARM.Collect$$libinit$$0000000F) for .ARM.Collect$$libinit$$0000000F
    libinit2.o(.ARM.Collect$$libinit$$00000014) refers to libinit2.o(.ARM.Collect$$libinit$$0000000F) for .ARM.Collect$$libinit$$0000000F
    libinit2.o(.ARM.Collect$$libinit$$00000016) refers to libinit2.o(.ARM.Collect$$libinit$$0000000F) for .ARM.Collect$$libinit$$0000000F
    libinit2.o(.ARM.Collect$$libinit$$00000018) refers to libinit2.o(.ARM.Collect$$libinit$$0000000F) for .ARM.Collect$$libinit$$0000000F
    libinit2.o(.ARM.Collect$$libinit$$00000026) refers to argv_veneer.o(.text) for __ARM_argv_veneer
    libinit2.o(.ARM.Collect$$libinit$$00000027) refers to argv_veneer.o(.text) for __ARM_argv_veneer
    sys_exit.o(.text) refers (Special) to use_no_semi.o(.text) for __I$use$semihosting
    sys_exit.o(.text) refers (Special) to indicate_semi.o(.text) for __semihosting_library_function
    rtexit2.o(.ARM.Collect$$rtexit$$00000003) refers to libshutdown.o(.ARM.Collect$$libshutdown$$00000000) for __rt_lib_shutdown
    rtexit2.o(.ARM.Collect$$rtexit$$00000004) refers to sys_exit.o(.text) for _sys_exit
    rtexit2.o(.ARM.exidx) refers to rtexit2.o(.ARM.Collect$$rtexit$$00000001) for .ARM.Collect$$rtexit$$00000001
    rtexit2.o(.ARM.exidx) refers to rtexit2.o(.ARM.Collect$$rtexit$$00000003) for .ARM.Collect$$rtexit$$00000003
    rtexit2.o(.ARM.exidx) refers to rtexit2.o(.ARM.Collect$$rtexit$$00000004) for .ARM.Collect$$rtexit$$00000004
    __raise.o(.text) refers to defsig.o(CL$$defsig) for __default_signal_handler
    defsig_general.o(.text) refers to sys_wrch.o(.text) for _ttywrch
    sys_wrch.o(.text) refers (Special) to use_no_semi.o(.text) for __I$use$semihosting
    sys_wrch.o(.text) refers (Special) to indicate_semi.o(.text) for __semihosting_library_function
    defsig.o(CL$$defsig) refers to defsig_fpe_inner.o(.text) for __rt_SIGFPE_inner
    defsig.o(CL$$defsig) refers to defsig_rtmem_inner.o(.text) for __rt_SIGRTMEM_inner
    _get_argv_nomalloc.o(.text) refers (Special) to hrguard.o(.text) for __heap_region$guard
    _get_argv_nomalloc.o(.text) refers to defsig_rtmem_outer.o(.text) for __rt_SIGRTMEM
    _get_argv_nomalloc.o(.text) refers to sys_command.o(.text) for _sys_command_string
    libshutdown.o(.ARM.Collect$$libshutdown$$00000000) refers (Special) to libshutdown2.o(.ARM.Collect$$libshutdown$$00000002) for __rt_lib_shutdown_cpp_1
    libshutdown.o(.ARM.Collect$$libshutdown$$00000000) refers (Special) to libshutdown2.o(.ARM.Collect$$libshutdown$$00000007) for __rt_lib_shutdown_fp_trap_1
    libshutdown.o(.ARM.Collect$$libshutdown$$00000000) refers (Special) to libshutdown2.o(.ARM.Collect$$libshutdown$$0000000F) for __rt_lib_shutdown_heap_1
    libshutdown.o(.ARM.Collect$$libshutdown$$00000000) refers (Special) to libshutdown2.o(.ARM.Collect$$libshutdown$$00000010) for __rt_lib_shutdown_return
    libshutdown.o(.ARM.Collect$$libshutdown$$00000000) refers (Special) to libshutdown2.o(.ARM.Collect$$libshutdown$$0000000A) for __rt_lib_shutdown_signal_1
    libshutdown.o(.ARM.Collect$$libshutdown$$00000000) refers (Special) to libshutdown2.o(.ARM.Collect$$libshutdown$$00000004) for __rt_lib_shutdown_stdio_1
    libshutdown.o(.ARM.Collect$$libshutdown$$00000000) refers (Special) to libshutdown2.o(.ARM.Collect$$libshutdown$$0000000C) for __rt_lib_shutdown_user_alloc_1
    sys_command.o(.text) refers (Special) to use_no_semi.o(.text) for __I$use$semihosting
    sys_command.o(.text) refers (Special) to indicate_semi.o(.text) for __semihosting_library_function
    defsig_abrt_inner.o(.text) refers to defsig_general.o(.text) for __default_signal_display
    defsig_rtred_inner.o(.text) refers to defsig_general.o(.text) for __default_signal_display
    defsig_rtmem_inner.o(.text) refers to defsig_general.o(.text) for __default_signal_display
    defsig_rtmem_outer.o(.text) refers to defsig_rtmem_inner.o(.text) for __rt_SIGRTMEM_inner
    defsig_rtmem_outer.o(.text) refers to defsig_exit.o(.text) for __sig_exit
    defsig_rtmem_formal.o(.text) refers to rt_raise.o(.text) for __rt_raise
    defsig_stak_inner.o(.text) refers to defsig_general.o(.text) for __default_signal_display
    defsig_pvfn_inner.o(.text) refers to defsig_general.o(.text) for __default_signal_display
    defsig_cppl_inner.o(.text) refers to defsig_general.o(.text) for __default_signal_display
    defsig_segv_inner.o(.text) refers to defsig_general.o(.text) for __default_signal_display
    defsig_other.o(.text) refers to defsig_general.o(.text) for __default_signal_display


==============================================================================

Removing Unused input sections from the image.

    Removing main.o(.rev16_text), (4 bytes).
    Removing main.o(.revsh_text), (4 bytes).
    Removing main.o(i.UART_IRQHandler), (192 bytes).
    Removing system_mm32f003_q.o(.rev16_text), (4 bytes).
    Removing system_mm32f003_q.o(.revsh_text), (4 bytes).
    Removing hal_adc.o(.rev16_text), (4 bytes).
    Removing hal_adc.o(.revsh_text), (4 bytes).
    Removing hal_adc.o(i.ADC_AnalogWatchdogCmd), (24 bytes).
    Removing hal_adc.o(i.ADC_AnalogWatchdogSingleChannelConfig), (26 bytes).
    Removing hal_adc.o(i.ADC_AnalogWatchdogThresholdsConfig), (12 bytes).
    Removing hal_adc.o(i.ADC_ClearFlag), (8 bytes).
    Removing hal_adc.o(i.ADC_ClearITPendingBit), (4 bytes).
    Removing hal_adc.o(i.ADC_Cmd), (24 bytes).
    Removing hal_adc.o(i.ADC_DMACmd), (24 bytes).
    Removing hal_adc.o(i.ADC_DeInit), (44 bytes).
    Removing hal_adc.o(i.ADC_ExternalTrigConvCmd), (24 bytes).
    Removing hal_adc.o(i.ADC_ExternalTrigInjectedConvCmd), (24 bytes).
    Removing hal_adc.o(i.ADC_ExternalTrigInjectedConvConfig), (26 bytes).
    Removing hal_adc.o(i.ADC_GetConversionValue), (116 bytes).
    Removing hal_adc.o(i.ADC_GetFlagStatus), (20 bytes).
    Removing hal_adc.o(i.ADC_GetITStatus), (20 bytes).
    Removing hal_adc.o(i.ADC_GetSoftwareStartConvStatus), (24 bytes).
    Removing hal_adc.o(i.ADC_ITConfig), (20 bytes).
    Removing hal_adc.o(i.ADC_Init), (52 bytes).
    Removing hal_adc.o(i.ADC_RegularChannelConfig), (272 bytes).
    Removing hal_adc.o(i.ADC_SoftwareStartConvCmd), (28 bytes).
    Removing hal_adc.o(i.ADC_StructInit), (16 bytes).
    Removing hal_adc.o(i.ADC_TempSensorCmd), (64 bytes).
    Removing hal_adc.o(i.ADC_VrefintCmd), (64 bytes).
    Removing hal_crc.o(.rev16_text), (4 bytes).
    Removing hal_crc.o(.revsh_text), (4 bytes).
    Removing hal_crc.o(i.CRC_CalcBlockCRC), (36 bytes).
    Removing hal_crc.o(i.CRC_CalcCRC), (28 bytes).
    Removing hal_crc.o(i.CRC_GetCRC), (12 bytes).
    Removing hal_crc.o(i.CRC_GetIDRegister), (12 bytes).
    Removing hal_crc.o(i.CRC_ResetDR), (12 bytes).
    Removing hal_crc.o(i.CRC_SetIDRegister), (12 bytes).
    Removing hal_dma.o(.rev16_text), (4 bytes).
    Removing hal_dma.o(.revsh_text), (4 bytes).
    Removing hal_dma.o(i.DMA_ClearFlag), (12 bytes).
    Removing hal_dma.o(i.DMA_ClearITPendingBit), (12 bytes).
    Removing hal_dma.o(i.DMA_Cmd), (24 bytes).
    Removing hal_dma.o(i.DMA_DeInit), (164 bytes).
    Removing hal_dma.o(i.DMA_GetCurrDataCounter), (8 bytes).
    Removing hal_dma.o(i.DMA_GetFlagStatus), (32 bytes).
    Removing hal_dma.o(i.DMA_GetITStatus), (32 bytes).
    Removing hal_dma.o(i.DMA_ITConfig), (20 bytes).
    Removing hal_dma.o(i.DMA_Init), (64 bytes).
    Removing hal_dma.o(i.DMA_StructInit), (26 bytes).
    Removing hal_exti.o(.rev16_text), (4 bytes).
    Removing hal_exti.o(.revsh_text), (4 bytes).
    Removing hal_exti.o(i.EXTI_ClearFlag), (12 bytes).
    Removing hal_exti.o(i.EXTI_ClearITPendingBit), (12 bytes).
    Removing hal_exti.o(i.EXTI_DeInit), (28 bytes).
    Removing hal_exti.o(i.EXTI_GenerateSWInterrupt), (16 bytes).
    Removing hal_exti.o(i.EXTI_GetFlagStatus), (28 bytes).
    Removing hal_exti.o(i.EXTI_GetITStatus), (40 bytes).
    Removing hal_exti.o(i.EXTI_Init), (140 bytes).
    Removing hal_exti.o(i.EXTI_StructInit), (16 bytes).
    Removing hal_flash.o(.rev16_text), (4 bytes).
    Removing hal_flash.o(.revsh_text), (4 bytes).
    Removing hal_flash.o(i.FLASH_ClearFlag), (12 bytes).
    Removing hal_flash.o(i.FLASH_EnableWriteProtection), (204 bytes).
    Removing hal_flash.o(i.FLASH_EraseAllPages), (80 bytes).
    Removing hal_flash.o(i.FLASH_EraseOptionBytes), (172 bytes).
    Removing hal_flash.o(i.FLASH_ErasePage), (84 bytes).
    Removing hal_flash.o(i.FLASH_GetFlagStatus), (48 bytes).
    Removing hal_flash.o(i.FLASH_GetPrefetchBufferStatus), (28 bytes).
    Removing hal_flash.o(i.FLASH_GetReadOutProtectionStatus), (28 bytes).
    Removing hal_flash.o(i.FLASH_GetStatus), (60 bytes).
    Removing hal_flash.o(i.FLASH_GetUserOptionByte), (12 bytes).
    Removing hal_flash.o(i.FLASH_GetWriteProtectionOptionByte), (12 bytes).
    Removing hal_flash.o(i.FLASH_HalfCycleAccessCmd), (28 bytes).
    Removing hal_flash.o(i.FLASH_ITConfig), (32 bytes).
    Removing hal_flash.o(i.FLASH_Lock), (20 bytes).
    Removing hal_flash.o(i.FLASH_PrefetchBufferCmd), (28 bytes).
    Removing hal_flash.o(i.FLASH_ProgramHalfWord), (72 bytes).
    Removing hal_flash.o(i.FLASH_ProgramOptionByteData), (88 bytes).
    Removing hal_flash.o(i.FLASH_ProgramWord), (104 bytes).
    Removing hal_flash.o(i.FLASH_ReadOutProtection), (184 bytes).
    Removing hal_flash.o(i.FLASH_SetLatency), (28 bytes).
    Removing hal_flash.o(i.FLASH_Unlock), (24 bytes).
    Removing hal_flash.o(i.FLASH_UserOptionByteConfig), (108 bytes).
    Removing hal_flash.o(i.FLASH_WaitForLastOperation), (44 bytes).
    Removing hal_flash.o(i.delay), (26 bytes).
    Removing hal_gpio.o(.rev16_text), (4 bytes).
    Removing hal_gpio.o(.revsh_text), (4 bytes).
    Removing hal_gpio.o(i.GPIO_DeInit), (118 bytes).
    Removing hal_gpio.o(i.GPIO_PinLockConfig), (22 bytes).
    Removing hal_gpio.o(i.GPIO_ReadInputData), (8 bytes).
    Removing hal_gpio.o(i.GPIO_ReadInputDataBit), (20 bytes).
    Removing hal_gpio.o(i.GPIO_ReadOutputData), (8 bytes).
    Removing hal_gpio.o(i.GPIO_ReadOutputDataBit), (20 bytes).
    Removing hal_gpio.o(i.GPIO_ResetBits), (4 bytes).
    Removing hal_gpio.o(i.GPIO_SetBits), (4 bytes).
    Removing hal_gpio.o(i.GPIO_StructInit), (16 bytes).
    Removing hal_gpio.o(i.GPIO_Write), (4 bytes).
    Removing hal_gpio.o(i.GPIO_WriteBit), (12 bytes).
    Removing hal_i2c.o(.rev16_text), (4 bytes).
    Removing hal_i2c.o(.revsh_text), (4 bytes).
    Removing hal_i2c.o(i.I2C_CheckEvent), (56 bytes).
    Removing hal_i2c.o(i.I2C_ClearFlag), (146 bytes).
    Removing hal_i2c.o(i.I2C_ClearITPendingBit), (146 bytes).
    Removing hal_i2c.o(i.I2C_Cmd), (36 bytes).
    Removing hal_i2c.o(i.I2C_DMACmd), (72 bytes).
    Removing hal_i2c.o(i.I2C_DeInit), (44 bytes).
    Removing hal_i2c.o(i.I2C_DualAddressCmd), (32 bytes).
    Removing hal_i2c.o(i.I2C_GeneralCallCmd), (32 bytes).
    Removing hal_i2c.o(i.I2C_GenerateSTART), (28 bytes).
    Removing hal_i2c.o(i.I2C_GenerateSTOP), (42 bytes).
    Removing hal_i2c.o(i.I2C_GetFlagStatus), (80 bytes).
    Removing hal_i2c.o(i.I2C_GetITStatus), (20 bytes).
    Removing hal_i2c.o(i.I2C_GetLastEvent), (20 bytes).
    Removing hal_i2c.o(i.I2C_ITConfig), (28 bytes).
    Removing hal_i2c.o(i.I2C_Init), (204 bytes).
    Removing hal_i2c.o(i.I2C_OwnAddress2Config), (20 bytes).
    Removing hal_i2c.o(i.I2C_ReadCmd), (8 bytes).
    Removing hal_i2c.o(i.I2C_ReadLastDataOrStop), (12 bytes).
    Removing hal_i2c.o(i.I2C_ReadRegister), (6 bytes).
    Removing hal_i2c.o(i.I2C_ReceiveData), (20 bytes).
    Removing hal_i2c.o(i.I2C_Send7bitAddress), (6 bytes).
    Removing hal_i2c.o(i.I2C_SendData), (4 bytes).
    Removing hal_i2c.o(i.I2C_SendLastDataOrStop), (10 bytes).
    Removing hal_i2c.o(i.I2C_StructInit), (24 bytes).
    Removing hal_i2c.o(.data), (4 bytes).
    Removing hal_iwdg.o(.rev16_text), (4 bytes).
    Removing hal_iwdg.o(.revsh_text), (4 bytes).
    Removing hal_iwdg.o(i.IWDG_Enable), (16 bytes).
    Removing hal_iwdg.o(i.IWDG_GetFlagStatus), (28 bytes).
    Removing hal_iwdg.o(i.IWDG_ReloadCounter), (16 bytes).
    Removing hal_iwdg.o(i.IWDG_SetPrescaler), (12 bytes).
    Removing hal_iwdg.o(i.IWDG_SetReload), (12 bytes).
    Removing hal_iwdg.o(i.IWDG_WriteAccessCmd), (12 bytes).
    Removing hal_misc.o(.rev16_text), (4 bytes).
    Removing hal_misc.o(.revsh_text), (4 bytes).
    Removing hal_misc.o(i.NVIC_SetVectorTable), (2 bytes).
    Removing hal_misc.o(i.NVIC_SystemLPConfig), (32 bytes).
    Removing hal_misc.o(i.SysTick_CLKSourceConfig), (36 bytes).
    Removing hal_pwr.o(.rev16_text), (4 bytes).
    Removing hal_pwr.o(.revsh_text), (4 bytes).
    Removing hal_pwr.o(i.PWR_BackupAccessCmd), (40 bytes).
    Removing hal_pwr.o(i.PWR_ClearFlag), (20 bytes).
    Removing hal_pwr.o(i.PWR_DeInit), (22 bytes).
    Removing hal_pwr.o(i.PWR_EnterSLEEPMode), (44 bytes).
    Removing hal_pwr.o(i.PWR_EnterSTANDBYMode), (52 bytes).
    Removing hal_pwr.o(i.PWR_EnterSTOPMode), (68 bytes).
    Removing hal_pwr.o(i.PWR_GetFlagStatus), (28 bytes).
    Removing hal_pwr.o(i.PWR_PVDCmd), (36 bytes).
    Removing hal_pwr.o(i.PWR_PVDLevelConfig), (36 bytes).
    Removing hal_pwr.o(i.PWR_WakeUpPinCmd), (40 bytes).
    Removing hal_rcc.o(.rev16_text), (4 bytes).
    Removing hal_rcc.o(.revsh_text), (4 bytes).
    Removing hal_rcc.o(i.RCC_APB1PeriphResetCmd), (32 bytes).
    Removing hal_rcc.o(i.RCC_APB2PeriphClockCmd), (32 bytes).
    Removing hal_rcc.o(i.RCC_APB2PeriphResetCmd), (32 bytes).
    Removing hal_rcc.o(i.RCC_AdjustHSICalibrationValue), (32 bytes).
    Removing hal_rcc.o(i.RCC_ClearFlag), (20 bytes).
    Removing hal_rcc.o(i.RCC_ClearITPendingBit), (20 bytes).
    Removing hal_rcc.o(i.RCC_ClockSecuritySystemCmd), (40 bytes).
    Removing hal_rcc.o(i.RCC_DeInit), (68 bytes).
    Removing hal_rcc.o(i.RCC_GetFlagStatus), (52 bytes).
    Removing hal_rcc.o(i.RCC_GetITStatus), (28 bytes).
    Removing hal_rcc.o(i.RCC_GetSYSCLKSource), (16 bytes).
    Removing hal_rcc.o(i.RCC_HCLKConfig), (32 bytes).
    Removing hal_rcc.o(i.RCC_HSEConfig), (88 bytes).
    Removing hal_rcc.o(i.RCC_HSICmd), (36 bytes).
    Removing hal_rcc.o(i.RCC_ITConfig), (36 bytes).
    Removing hal_rcc.o(i.RCC_LSICmd), (36 bytes).
    Removing hal_rcc.o(i.RCC_MCOConfig), (32 bytes).
    Removing hal_rcc.o(i.RCC_PCLK1Config), (36 bytes).
    Removing hal_rcc.o(i.RCC_PCLK2Config), (32 bytes).
    Removing hal_rcc.o(i.RCC_SYSCLKConfig), (28 bytes).
    Removing hal_rcc.o(i.RCC_WaitForHSEStartUp), (60 bytes).
    Removing hal_spi.o(.rev16_text), (4 bytes).
    Removing hal_spi.o(.revsh_text), (4 bytes).
    Removing hal_spi.o(i.SPI_BiDirectionalLineConfig), (60 bytes).
    Removing hal_spi.o(i.SPI_CSInternalSelected), (24 bytes).
    Removing hal_spi.o(i.SPI_ClearITPendingBit), (8 bytes).
    Removing hal_spi.o(i.SPI_Cmd), (28 bytes).
    Removing hal_spi.o(i.SPI_DMACmd), (20 bytes).
    Removing hal_spi.o(i.SPI_DataSizeConfig), (20 bytes).
    Removing hal_spi.o(i.SPI_DeInit), (44 bytes).
    Removing hal_spi.o(i.SPI_FifoTrigger), (20 bytes).
    Removing hal_spi.o(i.SPI_GetFlagStatus), (104 bytes).
    Removing hal_spi.o(i.SPI_GetITStatus), (20 bytes).
    Removing hal_spi.o(i.SPI_ITConfig), (44 bytes).
    Removing hal_spi.o(i.SPI_Init), (92 bytes).
    Removing hal_spi.o(i.SPI_NSSInternalSoftwareConfig), (32 bytes).
    Removing hal_spi.o(i.SPI_ReceiveData), (50 bytes).
    Removing hal_spi.o(i.SPI_RxBytes), (4 bytes).
    Removing hal_spi.o(i.SPI_SendData), (40 bytes).
    Removing hal_spi.o(i.SPI_SlaveAdjust), (8 bytes).
    Removing hal_spi.o(i.SPI_StructInit), (32 bytes).
    Removing hal_syscfg.o(.rev16_text), (4 bytes).
    Removing hal_syscfg.o(.revsh_text), (4 bytes).
    Removing hal_syscfg.o(i.SYSCFG_DMAChannelRemapConfig), (32 bytes).
    Removing hal_syscfg.o(i.SYSCFG_DeInit), (32 bytes).
    Removing hal_syscfg.o(i.SYSCFG_EXTILineConfig), (64 bytes).
    Removing hal_syscfg.o(i.SYSCFG_MemoryRemapConfig), (28 bytes).
    Removing hal_tim.o(.rev16_text), (4 bytes).
    Removing hal_tim.o(.revsh_text), (4 bytes).
    Removing hal_tim.o(i.TI1_Config), (60 bytes).
    Removing hal_tim.o(i.TI2_Config), (80 bytes).
    Removing hal_tim.o(i.TI3_Config), (76 bytes).
    Removing hal_tim.o(i.TI4_Config), (84 bytes).
    Removing hal_tim.o(i.TIM_ARRPreloadConfig), (28 bytes).
    Removing hal_tim.o(i.TIM_BDTRConfig), (30 bytes).
    Removing hal_tim.o(i.TIM_BDTRStructInit), (18 bytes).
    Removing hal_tim.o(i.TIM_CCPreloadControl), (28 bytes).
    Removing hal_tim.o(i.TIM_CCxCmd), (34 bytes).
    Removing hal_tim.o(i.TIM_CCxNCmd), (34 bytes).
    Removing hal_tim.o(i.TIM_ClearFlag), (8 bytes).
    Removing hal_tim.o(i.TIM_ClearITPendingBit), (8 bytes).
    Removing hal_tim.o(i.TIM_ClearOC1Ref), (28 bytes).
    Removing hal_tim.o(i.TIM_ClearOC2Ref), (22 bytes).
    Removing hal_tim.o(i.TIM_ClearOC3Ref), (28 bytes).
    Removing hal_tim.o(i.TIM_ClearOC4Ref), (22 bytes).
    Removing hal_tim.o(i.TIM_ClearOC5Ref), (28 bytes).
    Removing hal_tim.o(i.TIM_Cmd), (28 bytes).
    Removing hal_tim.o(i.TIM_CounterModeConfig), (28 bytes).
    Removing hal_tim.o(i.TIM_CtrlPWMOutputs), (26 bytes).
    Removing hal_tim.o(i.TIM_DMACmd), (26 bytes).
    Removing hal_tim.o(i.TIM_DMAConfig), (8 bytes).
    Removing hal_tim.o(i.TIM_DeInit), (176 bytes).
    Removing hal_tim.o(i.TIM_ETRClockMode1Config), (52 bytes).
    Removing hal_tim.o(i.TIM_ETRClockMode2Config), (34 bytes).
    Removing hal_tim.o(i.TIM_ETRConfig), (26 bytes).
    Removing hal_tim.o(i.TIM_EncoderInterfaceConfig), (72 bytes).
    Removing hal_tim.o(i.TIM_ForcedOC1Config), (28 bytes).
    Removing hal_tim.o(i.TIM_ForcedOC2Config), (28 bytes).
    Removing hal_tim.o(i.TIM_ForcedOC3Config), (28 bytes).
    Removing hal_tim.o(i.TIM_ForcedOC4Config), (28 bytes).
    Removing hal_tim.o(i.TIM_GenerateEvent), (4 bytes).
    Removing hal_tim.o(i.TIM_GetCapture1), (6 bytes).
    Removing hal_tim.o(i.TIM_GetCapture2), (6 bytes).
    Removing hal_tim.o(i.TIM_GetCapture3), (6 bytes).
    Removing hal_tim.o(i.TIM_GetCapture4), (6 bytes).
    Removing hal_tim.o(i.TIM_GetCounter), (6 bytes).
    Removing hal_tim.o(i.TIM_GetFlagStatus), (20 bytes).
    Removing hal_tim.o(i.TIM_GetITStatus), (38 bytes).
    Removing hal_tim.o(i.TIM_GetPrescaler), (8 bytes).
    Removing hal_tim.o(i.TIM_ICInit), (112 bytes).
    Removing hal_tim.o(i.TIM_ICStructInit), (18 bytes).
    Removing hal_tim.o(i.TIM_ITConfig), (26 bytes).
    Removing hal_tim.o(i.TIM_ITRxExternalClockConfig), (24 bytes).
    Removing hal_tim.o(i.TIM_InternalClockConfig), (16 bytes).
    Removing hal_tim.o(i.TIM_OC1FastConfig), (28 bytes).
    Removing hal_tim.o(i.TIM_OC1Init), (144 bytes).
    Removing hal_tim.o(i.TIM_OC1NPolarityConfig), (28 bytes).
    Removing hal_tim.o(i.TIM_OC1PolarityConfig), (28 bytes).
    Removing hal_tim.o(i.TIM_OC1PreloadConfig), (28 bytes).
    Removing hal_tim.o(i.TIM_OC2FastConfig), (28 bytes).
    Removing hal_tim.o(i.TIM_OC2Init), (168 bytes).
    Removing hal_tim.o(i.TIM_OC2NPolarityConfig), (28 bytes).
    Removing hal_tim.o(i.TIM_OC2PolarityConfig), (28 bytes).
    Removing hal_tim.o(i.TIM_OC2PreloadConfig), (28 bytes).
    Removing hal_tim.o(i.TIM_OC3FastConfig), (28 bytes).
    Removing hal_tim.o(i.TIM_OC3Init), (160 bytes).
    Removing hal_tim.o(i.TIM_OC3NPolarityConfig), (28 bytes).
    Removing hal_tim.o(i.TIM_OC3PolarityConfig), (28 bytes).
    Removing hal_tim.o(i.TIM_OC3PreloadConfig), (28 bytes).
    Removing hal_tim.o(i.TIM_OC4FastConfig), (28 bytes).
    Removing hal_tim.o(i.TIM_OC4Init), (120 bytes).
    Removing hal_tim.o(i.TIM_OC4PolarityConfig), (28 bytes).
    Removing hal_tim.o(i.TIM_OC4PreloadConfig), (28 bytes).
    Removing hal_tim.o(i.TIM_OC5FastConfig), (28 bytes).
    Removing hal_tim.o(i.TIM_OC5Init), (80 bytes).
    Removing hal_tim.o(i.TIM_OC5PolarityConfig), (18 bytes).
    Removing hal_tim.o(i.TIM_OC5PreloadConfig), (28 bytes).
    Removing hal_tim.o(i.TIM_OCStructInit), (20 bytes).
    Removing hal_tim.o(i.TIM_PWMIConfig), (124 bytes).
    Removing hal_tim.o(i.TIM_PrescalerConfig), (6 bytes).
    Removing hal_tim.o(i.TIM_SelectCCDMA), (28 bytes).
    Removing hal_tim.o(i.TIM_SelectCOM), (28 bytes).
    Removing hal_tim.o(i.TIM_SelectHallSensor), (28 bytes).
    Removing hal_tim.o(i.TIM_SelectInputTrigger), (28 bytes).
    Removing hal_tim.o(i.TIM_SelectMasterSlaveMode), (20 bytes).
    Removing hal_tim.o(i.TIM_SelectOCxM), (86 bytes).
    Removing hal_tim.o(i.TIM_SelectOnePulseMode), (20 bytes).
    Removing hal_tim.o(i.TIM_SelectOutputTrigger), (20 bytes).
    Removing hal_tim.o(i.TIM_SelectSlaveMode), (20 bytes).
    Removing hal_tim.o(i.TIM_SetAutoreload), (4 bytes).
    Removing hal_tim.o(i.TIM_SetClockDivision), (20 bytes).
    Removing hal_tim.o(i.TIM_SetCompare1), (4 bytes).
    Removing hal_tim.o(i.TIM_SetCompare2), (4 bytes).
    Removing hal_tim.o(i.TIM_SetCompare3), (4 bytes).
    Removing hal_tim.o(i.TIM_SetCompare4), (4 bytes).
    Removing hal_tim.o(i.TIM_SetCompare5), (4 bytes).
    Removing hal_tim.o(i.TIM_SetCounter), (4 bytes).
    Removing hal_tim.o(i.TIM_SetIC1Prescaler), (20 bytes).
    Removing hal_tim.o(i.TIM_SetIC2Prescaler), (24 bytes).
    Removing hal_tim.o(i.TIM_SetIC3Prescaler), (20 bytes).
    Removing hal_tim.o(i.TIM_SetIC4Prescaler), (24 bytes).
    Removing hal_tim.o(i.TIM_TIxExternalClockConfig), (58 bytes).
    Removing hal_tim.o(i.TIM_TimeBaseInit), (96 bytes).
    Removing hal_tim.o(i.TIM_TimeBaseStructInit), (20 bytes).
    Removing hal_tim.o(i.TIM_UpdateDisableConfig), (28 bytes).
    Removing hal_tim.o(i.TIM_UpdateRequestConfig), (28 bytes).
    Removing hal_uart.o(.rev16_text), (4 bytes).
    Removing hal_uart.o(.revsh_text), (4 bytes).
    Removing hal_uart.o(i.UART_ClearFlag), (2 bytes).
    Removing hal_uart.o(i.UART_ClearITPendingBit), (4 bytes).
    Removing hal_uart.o(i.UART_DMACmd), (20 bytes).
    Removing hal_uart.o(i.UART_DeInit), (44 bytes).
    Removing hal_uart.o(i.UART_GetITStatus), (20 bytes).
    Removing hal_uart.o(i.UART_ReceiveData), (8 bytes).
    Removing hal_uart.o(i.UART_StructInit), (26 bytes).
    Removing hal_wwdg.o(.rev16_text), (4 bytes).
    Removing hal_wwdg.o(.revsh_text), (4 bytes).
    Removing hal_wwdg.o(i.WWDG_ClearFlag), (12 bytes).
    Removing hal_wwdg.o(i.WWDG_DeInit), (22 bytes).
    Removing hal_wwdg.o(i.WWDG_Enable), (16 bytes).
    Removing hal_wwdg.o(i.WWDG_EnableIT), (20 bytes).
    Removing hal_wwdg.o(i.WWDG_GetFlagStatus), (12 bytes).
    Removing hal_wwdg.o(i.WWDG_SetCounter), (16 bytes).
    Removing hal_wwdg.o(i.WWDG_SetPrescaler), (32 bytes).
    Removing hal_wwdg.o(i.WWDG_SetWindowValue), (28 bytes).
    Removing hal_adc.o(i.__ARM_common_switch8), (28 bytes).

318 unused section(s) (total 10848 bytes) removed from the image.

==============================================================================

Image Symbol Table

    Local Symbols

    Symbol Name                              Value     Ov Type        Size  Object(Section)

    ../clib/angel/boardlib.s                 0x00000000   Number         0  boardinit3.o ABSOLUTE
    ../clib/angel/boardlib.s                 0x00000000   Number         0  boardinit2.o ABSOLUTE
    ../clib/angel/boardlib.s                 0x00000000   Number         0  boardinit1.o ABSOLUTE
    ../clib/angel/boardlib.s                 0x00000000   Number         0  boardshut.o ABSOLUTE
    ../clib/angel/handlers.s                 0x00000000   Number         0  __scatter_zi.o ABSOLUTE
    ../clib/angel/handlers.s                 0x00000000   Number         0  __scatter_copy.o ABSOLUTE
    ../clib/angel/kernel.s                   0x00000000   Number         0  __rtentry.o ABSOLUTE
    ../clib/angel/kernel.s                   0x00000000   Number         0  __rtentry4.o ABSOLUTE
    ../clib/angel/kernel.s                   0x00000000   Number         0  __rtentry2.o ABSOLUTE
    ../clib/angel/kernel.s                   0x00000000   Number         0  rtexit.o ABSOLUTE
    ../clib/angel/kernel.s                   0x00000000   Number         0  rtexit2.o ABSOLUTE
    ../clib/angel/rt.s                       0x00000000   Number         0  rt_div0.o ABSOLUTE
    ../clib/angel/rt.s                       0x00000000   Number         0  rt_raise.o ABSOLUTE
    ../clib/angel/rt.s                       0x00000000   Number         0  aeabi_idiv0.o ABSOLUTE
    ../clib/angel/rt.s                       0x00000000   Number         0  aeabi_idiv0_sigfpe.o ABSOLUTE
    ../clib/angel/scatterp.s                 0x00000000   Number         0  __scatter.o ABSOLUTE
    ../clib/angel/startup.s                  0x00000000   Number         0  __main.o ABSOLUTE
    ../clib/angel/sys.s                      0x00000000   Number         0  sys_stackheap_outer.o ABSOLUTE
    ../clib/angel/sys.s                      0x00000000   Number         0  tempstk.o ABSOLUTE
    ../clib/angel/sys.s                      0x00000000   Number         0  use_no_semi.o ABSOLUTE
    ../clib/angel/sys.s                      0x00000000   Number         0  libspace.o ABSOLUTE
    ../clib/angel/sys.s                      0x00000000   Number         0  indicate_semi.o ABSOLUTE
    ../clib/angel/sysapp.c                   0x00000000   Number         0  sys_wrch.o ABSOLUTE
    ../clib/angel/sysapp.c                   0x00000000   Number         0  sys_exit.o ABSOLUTE
    ../clib/angel/sysapp.c                   0x00000000   Number         0  sys_command.o ABSOLUTE
    ../clib/armsys.c                         0x00000000   Number         0  _get_argv_nomalloc.o ABSOLUTE
    ../clib/armsys.c                         0x00000000   Number         0  argv_veneer.o ABSOLUTE
    ../clib/armsys.c                         0x00000000   Number         0  no_argv.o ABSOLUTE
    ../clib/division.s                       0x00000000   Number         0  aeabi_sdiv.o ABSOLUTE
    ../clib/division.s                       0x00000000   Number         0  aeabi_sdiv_div0.o ABSOLUTE
    ../clib/heapalloc.c                      0x00000000   Number         0  hrguard.o ABSOLUTE
    ../clib/heapaux.c                        0x00000000   Number         0  heapauxi.o ABSOLUTE
    ../clib/libinit.s                        0x00000000   Number         0  libinit2.o ABSOLUTE
    ../clib/libinit.s                        0x00000000   Number         0  libinit.o ABSOLUTE
    ../clib/libinit.s                        0x00000000   Number         0  libshutdown.o ABSOLUTE
    ../clib/libinit.s                        0x00000000   Number         0  libshutdown2.o ABSOLUTE
    ../clib/misc.s                           0x00000000   Number         0  printf_stubs.o ABSOLUTE
    ../clib/printf.c                         0x00000000   Number         0  __2sprintf.o ABSOLUTE
    ../clib/printf.c                         0x00000000   Number         0  noretval__2sprintf.o ABSOLUTE
    ../clib/printf.c                         0x00000000   Number         0  _sputc.o ABSOLUTE
    ../clib/printf.c                         0x00000000   Number         0  _printf_char_common.o ABSOLUTE
    ../clib/printf.c                         0x00000000   Number         0  __printf_nopercent.o ABSOLUTE
    ../clib/signal.c                         0x00000000   Number         0  defsig_rtmem_outer.o ABSOLUTE
    ../clib/signal.c                         0x00000000   Number         0  defsig_rtmem_inner.o ABSOLUTE
    ../clib/signal.c                         0x00000000   Number         0  defsig_rtred_inner.o ABSOLUTE
    ../clib/signal.c                         0x00000000   Number         0  defsig_abrt_inner.o ABSOLUTE
    ../clib/signal.c                         0x00000000   Number         0  defsig_general.o ABSOLUTE
    ../clib/signal.c                         0x00000000   Number         0  defsig_segv_inner.o ABSOLUTE
    ../clib/signal.c                         0x00000000   Number         0  __raise.o ABSOLUTE
    ../clib/signal.c                         0x00000000   Number         0  defsig_fpe_inner.o ABSOLUTE
    ../clib/signal.c                         0x00000000   Number         0  defsig_exit.o ABSOLUTE
    ../clib/signal.c                         0x00000000   Number         0  defsig_fpe_formal.o ABSOLUTE
    ../clib/signal.c                         0x00000000   Number         0  defsig_fpe_outer.o ABSOLUTE
    ../clib/signal.c                         0x00000000   Number         0  defsig_other.o ABSOLUTE
    ../clib/signal.c                         0x00000000   Number         0  defsig_cppl_inner.o ABSOLUTE
    ../clib/signal.c                         0x00000000   Number         0  defsig_pvfn_inner.o ABSOLUTE
    ../clib/signal.c                         0x00000000   Number         0  defsig_stak_inner.o ABSOLUTE
    ../clib/signal.c                         0x00000000   Number         0  defsig_rtmem_formal.o ABSOLUTE
    ../clib/signal.s                         0x00000000   Number         0  defsig.o ABSOLUTE
    ../clib/stdlib.c                         0x00000000   Number         0  exit.o ABSOLUTE
    ../fplib/cfplib/fpinit.c                 0x00000000   Number         0  fpinit.o ABSOLUTE
    ..\..\..\..\..\Device\MM32F003_q\HAL_lib\src\HAL_adc.c 0x00000000   Number         0  hal_adc.o ABSOLUTE
    ..\..\..\..\..\Device\MM32F003_q\HAL_lib\src\HAL_crc.c 0x00000000   Number         0  hal_crc.o ABSOLUTE
    ..\..\..\..\..\Device\MM32F003_q\HAL_lib\src\HAL_dma.c 0x00000000   Number         0  hal_dma.o ABSOLUTE
    ..\..\..\..\..\Device\MM32F003_q\HAL_lib\src\HAL_exti.c 0x00000000   Number         0  hal_exti.o ABSOLUTE
    ..\..\..\..\..\Device\MM32F003_q\HAL_lib\src\HAL_flash.c 0x00000000   Number         0  hal_flash.o ABSOLUTE
    ..\..\..\..\..\Device\MM32F003_q\HAL_lib\src\HAL_gpio.c 0x00000000   Number         0  hal_gpio.o ABSOLUTE
    ..\..\..\..\..\Device\MM32F003_q\HAL_lib\src\HAL_i2c.c 0x00000000   Number         0  hal_i2c.o ABSOLUTE
    ..\..\..\..\..\Device\MM32F003_q\HAL_lib\src\HAL_iwdg.c 0x00000000   Number         0  hal_iwdg.o ABSOLUTE
    ..\..\..\..\..\Device\MM32F003_q\HAL_lib\src\HAL_misc.c 0x00000000   Number         0  hal_misc.o ABSOLUTE
    ..\..\..\..\..\Device\MM32F003_q\HAL_lib\src\HAL_pwr.c 0x00000000   Number         0  hal_pwr.o ABSOLUTE
    ..\..\..\..\..\Device\MM32F003_q\HAL_lib\src\HAL_rcc.c 0x00000000   Number         0  hal_rcc.o ABSOLUTE
    ..\..\..\..\..\Device\MM32F003_q\HAL_lib\src\HAL_spi.c 0x00000000   Number         0  hal_spi.o ABSOLUTE
    ..\..\..\..\..\Device\MM32F003_q\HAL_lib\src\HAL_syscfg.c 0x00000000   Number         0  hal_syscfg.o ABSOLUTE
    ..\..\..\..\..\Device\MM32F003_q\HAL_lib\src\HAL_tim.c 0x00000000   Number         0  hal_tim.o ABSOLUTE
    ..\..\..\..\..\Device\MM32F003_q\HAL_lib\src\HAL_uart.c 0x00000000   Number         0  hal_uart.o ABSOLUTE
    ..\..\..\..\..\Device\MM32F003_q\HAL_lib\src\HAL_wwdg.c 0x00000000   Number         0  hal_wwdg.o ABSOLUTE
    ..\..\..\..\..\Device\MM32F003_q\Source\KEIL_StartAsm\startup_MM32F003_q.s 0x00000000   Number         0  startup_mm32f003_q.o ABSOLUTE
    ..\..\..\..\..\Device\MM32F003_q\Source\system_MM32F003_q.c 0x00000000   Number         0  system_mm32f003_q.o ABSOLUTE
    ..\USER\main.c                           0x00000000   Number         0  main.o ABSOLUTE
    ..\\..\\..\\..\\..\\Device\\MM32F003_q\\HAL_lib\\src\\HAL_adc.c 0x00000000   Number         0  hal_adc.o ABSOLUTE
    ..\\..\\..\\..\\..\\Device\\MM32F003_q\\HAL_lib\\src\\HAL_crc.c 0x00000000   Number         0  hal_crc.o ABSOLUTE
    ..\\..\\..\\..\\..\\Device\\MM32F003_q\\HAL_lib\\src\\HAL_dma.c 0x00000000   Number         0  hal_dma.o ABSOLUTE
    ..\\..\\..\\..\\..\\Device\\MM32F003_q\\HAL_lib\\src\\HAL_exti.c 0x00000000   Number         0  hal_exti.o ABSOLUTE
    ..\\..\\..\\..\\..\\Device\\MM32F003_q\\HAL_lib\\src\\HAL_flash.c 0x00000000   Number         0  hal_flash.o ABSOLUTE
    ..\\..\\..\\..\\..\\Device\\MM32F003_q\\HAL_lib\\src\\HAL_gpio.c 0x00000000   Number         0  hal_gpio.o ABSOLUTE
    ..\\..\\..\\..\\..\\Device\\MM32F003_q\\HAL_lib\\src\\HAL_i2c.c 0x00000000   Number         0  hal_i2c.o ABSOLUTE
    ..\\..\\..\\..\\..\\Device\\MM32F003_q\\HAL_lib\\src\\HAL_iwdg.c 0x00000000   Number         0  hal_iwdg.o ABSOLUTE
    ..\\..\\..\\..\\..\\Device\\MM32F003_q\\HAL_lib\\src\\HAL_misc.c 0x00000000   Number         0  hal_misc.o ABSOLUTE
    ..\\..\\..\\..\\..\\Device\\MM32F003_q\\HAL_lib\\src\\HAL_pwr.c 0x00000000   Number         0  hal_pwr.o ABSOLUTE
    ..\\..\\..\\..\\..\\Device\\MM32F003_q\\HAL_lib\\src\\HAL_rcc.c 0x00000000   Number         0  hal_rcc.o ABSOLUTE
    ..\\..\\..\\..\\..\\Device\\MM32F003_q\\HAL_lib\\src\\HAL_spi.c 0x00000000   Number         0  hal_spi.o ABSOLUTE
    ..\\..\\..\\..\\..\\Device\\MM32F003_q\\HAL_lib\\src\\HAL_syscfg.c 0x00000000   Number         0  hal_syscfg.o ABSOLUTE
    ..\\..\\..\\..\\..\\Device\\MM32F003_q\\HAL_lib\\src\\HAL_tim.c 0x00000000   Number         0  hal_tim.o ABSOLUTE
    ..\\..\\..\\..\\..\\Device\\MM32F003_q\\HAL_lib\\src\\HAL_uart.c 0x00000000   Number         0  hal_uart.o ABSOLUTE
    ..\\..\\..\\..\\..\\Device\\MM32F003_q\\HAL_lib\\src\\HAL_wwdg.c 0x00000000   Number         0  hal_wwdg.o ABSOLUTE
    ..\\..\\..\\..\\..\\Device\\MM32F003_q\\Source\\system_MM32F003_q.c 0x00000000   Number         0  system_mm32f003_q.o ABSOLUTE
    ..\\USER\\main.c                         0x00000000   Number         0  main.o ABSOLUTE
    dc.s                                     0x00000000   Number         0  dc.o ABSOLUTE
    RESET                                    0x08000000   Section      180  startup_mm32f003_q.o(RESET)
    !!!main                                  0x080000b4   Section        8  __main.o(!!!main)
    !!!scatter                               0x080000bc   Section       60  __scatter.o(!!!scatter)
    !!handler_copy                           0x080000f8   Section       26  __scatter_copy.o(!!handler_copy)
    !!handler_zi                             0x08000114   Section       28  __scatter_zi.o(!!handler_zi)
    .ARM.Collect$$libinit$$00000000          0x08000130   Section        2  libinit.o(.ARM.Collect$$libinit$$00000000)
    .ARM.Collect$$libinit$$00000002          0x08000132   Section        0  libinit2.o(.ARM.Collect$$libinit$$00000002)
    .ARM.Collect$$libinit$$00000004          0x08000132   Section        0  libinit2.o(.ARM.Collect$$libinit$$00000004)
    .ARM.Collect$$libinit$$0000000A          0x08000132   Section        0  libinit2.o(.ARM.Collect$$libinit$$0000000A)
    .ARM.Collect$$libinit$$0000000C          0x08000132   Section        0  libinit2.o(.ARM.Collect$$libinit$$0000000C)
    .ARM.Collect$$libinit$$0000000E          0x08000132   Section        0  libinit2.o(.ARM.Collect$$libinit$$0000000E)
    .ARM.Collect$$libinit$$00000011          0x08000132   Section        0  libinit2.o(.ARM.Collect$$libinit$$00000011)
    .ARM.Collect$$libinit$$00000013          0x08000132   Section        0  libinit2.o(.ARM.Collect$$libinit$$00000013)
    .ARM.Collect$$libinit$$00000015          0x08000132   Section        0  libinit2.o(.ARM.Collect$$libinit$$00000015)
    .ARM.Collect$$libinit$$00000017          0x08000132   Section        0  libinit2.o(.ARM.Collect$$libinit$$00000017)
    .ARM.Collect$$libinit$$00000019          0x08000132   Section        0  libinit2.o(.ARM.Collect$$libinit$$00000019)
    .ARM.Collect$$libinit$$0000001B          0x08000132   Section        0  libinit2.o(.ARM.Collect$$libinit$$0000001B)
    .ARM.Collect$$libinit$$0000001D          0x08000132   Section        0  libinit2.o(.ARM.Collect$$libinit$$0000001D)
    .ARM.Collect$$libinit$$0000001F          0x08000132   Section        0  libinit2.o(.ARM.Collect$$libinit$$0000001F)
    .ARM.Collect$$libinit$$00000021          0x08000132   Section        0  libinit2.o(.ARM.Collect$$libinit$$00000021)
    .ARM.Collect$$libinit$$00000023          0x08000132   Section        0  libinit2.o(.ARM.Collect$$libinit$$00000023)
    .ARM.Collect$$libinit$$00000025          0x08000132   Section        0  libinit2.o(.ARM.Collect$$libinit$$00000025)
    .ARM.Collect$$libinit$$0000002C          0x08000132   Section        0  libinit2.o(.ARM.Collect$$libinit$$0000002C)
    .ARM.Collect$$libinit$$0000002E          0x08000132   Section        0  libinit2.o(.ARM.Collect$$libinit$$0000002E)
    .ARM.Collect$$libinit$$00000030          0x08000132   Section        0  libinit2.o(.ARM.Collect$$libinit$$00000030)
    .ARM.Collect$$libinit$$00000032          0x08000132   Section        0  libinit2.o(.ARM.Collect$$libinit$$00000032)
    .ARM.Collect$$libinit$$00000033          0x08000132   Section        2  libinit2.o(.ARM.Collect$$libinit$$00000033)
    .ARM.Collect$$libshutdown$$00000000      0x08000134   Section        2  libshutdown.o(.ARM.Collect$$libshutdown$$00000000)
    .ARM.Collect$$libshutdown$$00000002      0x08000136   Section        0  libshutdown2.o(.ARM.Collect$$libshutdown$$00000002)
    .ARM.Collect$$libshutdown$$00000004      0x08000136   Section        0  libshutdown2.o(.ARM.Collect$$libshutdown$$00000004)
    .ARM.Collect$$libshutdown$$00000007      0x08000136   Section        0  libshutdown2.o(.ARM.Collect$$libshutdown$$00000007)
    .ARM.Collect$$libshutdown$$0000000A      0x08000136   Section        0  libshutdown2.o(.ARM.Collect$$libshutdown$$0000000A)
    .ARM.Collect$$libshutdown$$0000000C      0x08000136   Section        0  libshutdown2.o(.ARM.Collect$$libshutdown$$0000000C)
    .ARM.Collect$$libshutdown$$0000000F      0x08000136   Section        0  libshutdown2.o(.ARM.Collect$$libshutdown$$0000000F)
    .ARM.Collect$$libshutdown$$00000010      0x08000136   Section        2  libshutdown2.o(.ARM.Collect$$libshutdown$$00000010)
    .ARM.Collect$$rtentry$$00000000          0x08000138   Section        0  __rtentry.o(.ARM.Collect$$rtentry$$00000000)
    .ARM.Collect$$rtentry$$00000002          0x08000138   Section        0  __rtentry2.o(.ARM.Collect$$rtentry$$00000002)
    .ARM.Collect$$rtentry$$00000004          0x08000138   Section        6  __rtentry4.o(.ARM.Collect$$rtentry$$00000004)
    .ARM.Collect$$rtentry$$00000009          0x0800013e   Section        0  __rtentry2.o(.ARM.Collect$$rtentry$$00000009)
    .ARM.Collect$$rtentry$$0000000A          0x0800013e   Section        4  __rtentry2.o(.ARM.Collect$$rtentry$$0000000A)
    .ARM.Collect$$rtentry$$0000000C          0x08000142   Section        0  __rtentry2.o(.ARM.Collect$$rtentry$$0000000C)
    .ARM.Collect$$rtentry$$0000000D          0x08000142   Section        8  __rtentry2.o(.ARM.Collect$$rtentry$$0000000D)
    .ARM.Collect$$rtexit$$00000000           0x0800014a   Section        2  rtexit.o(.ARM.Collect$$rtexit$$00000000)
    .ARM.Collect$$rtexit$$00000002           0x0800014c   Section        0  rtexit2.o(.ARM.Collect$$rtexit$$00000002)
    .ARM.Collect$$rtexit$$00000003           0x0800014c   Section        4  rtexit2.o(.ARM.Collect$$rtexit$$00000003)
    .ARM.Collect$$rtexit$$00000004           0x08000150   Section        6  rtexit2.o(.ARM.Collect$$rtexit$$00000004)
    .text                                    0x08000158   Section      120  startup_mm32f003_q.o(.text)
    .text                                    0x080001d0   Section        0  __2sprintf.o(.text)
    .text                                    0x080001fc   Section      346  aeabi_sdiv.o(.text)
    .text                                    0x08000356   Section        0  heapauxi.o(.text)
    .text                                    0x0800035c   Section        0  _printf_char_common.o(.text)
    _printf_input_char                       0x0800035d   Thumb Code    10  _printf_char_common.o(.text)
    .text                                    0x0800038c   Section        0  _sputc.o(.text)
    .text                                    0x08000396   Section        0  __printf_nopercent.o(.text)
    .text                                    0x080003ba   Section       62  sys_stackheap_outer.o(.text)
    .text                                    0x080003f8   Section        0  exit.o(.text)
    .text                                    0x08000408   Section        8  libspace.o(.text)
    .text                                    0x08000410   Section        0  sys_exit.o(.text)
    .text                                    0x0800041c   Section        2  use_no_semi.o(.text)
    .text                                    0x0800041e   Section        0  indicate_semi.o(.text)
    i.GPIO_ConfigInit                        0x0800041e   Section        0  main.o(i.GPIO_ConfigInit)
    i.GPIO_Init                              0x0800043a   Section        0  hal_gpio.o(i.GPIO_Init)
    i.GPIO_PinAFConfig                       0x08000518   Section        0  hal_gpio.o(i.GPIO_PinAFConfig)
    i.InitSystick                            0x08000560   Section        0  main.o(i.InitSystick)
    i.NVIC_ConfigInit                        0x080005ac   Section        0  main.o(i.NVIC_ConfigInit)
    i.NVIC_Init                              0x080005c4   Section        0  hal_misc.o(i.NVIC_Init)
    i.NVIC_SetPriority                       0x08000634   Section        0  main.o(i.NVIC_SetPriority)
    NVIC_SetPriority                         0x08000635   Thumb Code   110  main.o(i.NVIC_SetPriority)
    i.RCC_AHBPeriphClockCmd                  0x080006ac   Section        0  hal_rcc.o(i.RCC_AHBPeriphClockCmd)
    i.RCC_APB1PeriphClockCmd                 0x080006cc   Section        0  hal_rcc.o(i.RCC_APB1PeriphClockCmd)
    i.RCC_ConfigInit                         0x080006ec   Section        0  main.o(i.RCC_ConfigInit)
    i.RCC_GetClocksFreq                      0x08000710   Section        0  hal_rcc.o(i.RCC_GetClocksFreq)
    i.SetSysClock                            0x080007ac   Section        0  system_mm32f003_q.o(i.SetSysClock)
    SetSysClock                              0x080007ad   Thumb Code     8  system_mm32f003_q.o(i.SetSysClock)
    i.SetSysClockTo48_HSI                    0x080007b4   Section        0  system_mm32f003_q.o(i.SetSysClockTo48_HSI)
    SetSysClockTo48_HSI                      0x080007b5   Thumb Code   106  system_mm32f003_q.o(i.SetSysClockTo48_HSI)
    i.SysTick_Handler                        0x08000828   Section        0  main.o(i.SysTick_Handler)
    i.SystemInit                             0x08000860   Section        0  system_mm32f003_q.o(i.SystemInit)
    i.UART_Cmd                               0x080008ac   Section        0  hal_uart.o(i.UART_Cmd)
    i.UART_GetFlagStatus                     0x080008c8   Section        0  hal_uart.o(i.UART_GetFlagStatus)
    i.UART_ITConfig                          0x080008dc   Section        0  hal_uart.o(i.UART_ITConfig)
    i.UART_Init                              0x080008f0   Section        0  hal_uart.o(i.UART_Init)
    i.UART_SendData                          0x08000968   Section        0  hal_uart.o(i.UART_SendData)
    i.UartSendAscii                          0x0800096e   Section        0  main.o(i.UartSendAscii)
    i.UartSendByte                           0x08000984   Section        0  main.o(i.UartSendByte)
    i.UartSendGroup                          0x080009a4   Section        0  main.o(i.UartSendGroup)
    i.Uart_ConfigInit                        0x080009c0   Section        0  main.o(i.Uart_ConfigInit)
    i.main                                   0x08000a54   Section        0  main.o(i.main)
    .data                                    0x20000000   Section       20  main.o(.data)
    .data                                    0x20000014   Section       20  system_mm32f003_q.o(.data)
    .data                                    0x20000028   Section       16  hal_rcc.o(.data)
    APBAHBPrescTable                         0x20000028   Data          16  hal_rcc.o(.data)
    .bss                                     0x20000038   Section      100  main.o(.bss)
    .bss                                     0x2000009c   Section       96  libspace.o(.bss)
    HEAP                                     0x20000100   Section        0  startup_mm32f003_q.o(HEAP)
    STACK                                    0x20000100   Section      512  startup_mm32f003_q.o(STACK)
    Heap_Mem                                 0x20000100   Data           0  startup_mm32f003_q.o(HEAP)
    Stack_Mem                                0x20000100   Data         512  startup_mm32f003_q.o(STACK)
    __initial_sp                             0x20000300   Data           0  startup_mm32f003_q.o(STACK)

    Global Symbols

    Symbol Name                              Value     Ov Type        Size  Object(Section)

    BuildAttributes$$THM_ISAv3M$S$PE$A:L22$X:L11$S22$IEEE1$IW$USESV6$~STKCKD$USESV7$~SHL$OSPACE$ROPI$EBA8$UX$STANDARDLIB$REQ8$PRES8$EABIv2 0x00000000   Number         0  anon$$obj.o ABSOLUTE
    __ARM_use_no_argv                        0x00000000   Number         0  main.o ABSOLUTE
    _printf_flags                            0x00000000   Number         0  printf_stubs.o ABSOLUTE
    _printf_return_value                     0x00000000   Number         0  printf_stubs.o ABSOLUTE
    _printf_sizespec                         0x00000000   Number         0  printf_stubs.o ABSOLUTE
    _printf_widthprec                        0x00000000   Number         0  printf_stubs.o ABSOLUTE
    __ARM_exceptions_init                     - Undefined Weak Reference
    __alloca_initialize                       - Undefined Weak Reference
    __arm_preinit_                            - Undefined Weak Reference
    __cpp_initialize__aeabi_                  - Undefined Weak Reference
    __cxa_finalize                            - Undefined Weak Reference
    __rt_locale                               - Undefined Weak Reference
    __sigvec_lookup                           - Undefined Weak Reference
    _atexit_init                              - Undefined Weak Reference
    _call_atexit_fns                          - Undefined Weak Reference
    _clock_init                               - Undefined Weak Reference
    _fp_trap_init                             - Undefined Weak Reference
    _fp_trap_shutdown                         - Undefined Weak Reference
    _get_lc_collate                           - Undefined Weak Reference
    _get_lc_ctype                             - Undefined Weak Reference
    _get_lc_monetary                          - Undefined Weak Reference
    _get_lc_numeric                           - Undefined Weak Reference
    _get_lc_time                              - Undefined Weak Reference
    _getenv_init                              - Undefined Weak Reference
    _handle_redirection                       - Undefined Weak Reference
    _init_alloc                               - Undefined Weak Reference
    _init_user_alloc                          - Undefined Weak Reference
    _initio                                   - Undefined Weak Reference
    _rand_init                                - Undefined Weak Reference
    _signal_finish                            - Undefined Weak Reference
    _signal_init                              - Undefined Weak Reference
    _terminate_alloc                          - Undefined Weak Reference
    _terminate_user_alloc                     - Undefined Weak Reference
    _terminateio                              - Undefined Weak Reference
    __Vectors_Size                           0x000000b4   Number         0  startup_mm32f003_q.o ABSOLUTE
    __Vectors                                0x08000000   Data           4  startup_mm32f003_q.o(RESET)
    __Vectors_End                            0x080000b4   Data           0  startup_mm32f003_q.o(RESET)
    __main                                   0x080000b5   Thumb Code     8  __main.o(!!!main)
    __scatterload                            0x080000bd   Thumb Code     0  __scatter.o(!!!scatter)
    __scatterload_rt2                        0x080000bd   Thumb Code    52  __scatter.o(!!!scatter)
    __scatterload_rt2_thumb_only             0x080000bd   Thumb Code     0  __scatter.o(!!!scatter)
    __scatterload_null                       0x080000cd   Thumb Code     0  __scatter.o(!!!scatter)
    __scatterload_copy                       0x080000f9   Thumb Code    26  __scatter_copy.o(!!handler_copy)
    __scatterload_zeroinit                   0x08000115   Thumb Code    28  __scatter_zi.o(!!handler_zi)
    __rt_lib_init                            0x08000131   Thumb Code     0  libinit.o(.ARM.Collect$$libinit$$00000000)
    __rt_lib_init_alloca_1                   0x08000133   Thumb Code     0  libinit2.o(.ARM.Collect$$libinit$$0000002E)
    __rt_lib_init_argv_1                     0x08000133   Thumb Code     0  libinit2.o(.ARM.Collect$$libinit$$0000002C)
    __rt_lib_init_atexit_1                   0x08000133   Thumb Code     0  libinit2.o(.ARM.Collect$$libinit$$0000001B)
    __rt_lib_init_clock_1                    0x08000133   Thumb Code     0  libinit2.o(.ARM.Collect$$libinit$$00000021)
    __rt_lib_init_cpp_1                      0x08000133   Thumb Code     0  libinit2.o(.ARM.Collect$$libinit$$00000032)
    __rt_lib_init_exceptions_1               0x08000133   Thumb Code     0  libinit2.o(.ARM.Collect$$libinit$$00000030)
    __rt_lib_init_fp_1                       0x08000133   Thumb Code     0  libinit2.o(.ARM.Collect$$libinit$$00000002)
    __rt_lib_init_fp_trap_1                  0x08000133   Thumb Code     0  libinit2.o(.ARM.Collect$$libinit$$0000001F)
    __rt_lib_init_getenv_1                   0x08000133   Thumb Code     0  libinit2.o(.ARM.Collect$$libinit$$00000023)
    __rt_lib_init_heap_1                     0x08000133   Thumb Code     0  libinit2.o(.ARM.Collect$$libinit$$0000000A)
    __rt_lib_init_lc_collate_1               0x08000133   Thumb Code     0  libinit2.o(.ARM.Collect$$libinit$$00000011)
    __rt_lib_init_lc_ctype_1                 0x08000133   Thumb Code     0  libinit2.o(.ARM.Collect$$libinit$$00000013)
    __rt_lib_init_lc_monetary_1              0x08000133   Thumb Code     0  libinit2.o(.ARM.Collect$$libinit$$00000015)
    __rt_lib_init_lc_numeric_1               0x08000133   Thumb Code     0  libinit2.o(.ARM.Collect$$libinit$$00000017)
    __rt_lib_init_lc_time_1                  0x08000133   Thumb Code     0  libinit2.o(.ARM.Collect$$libinit$$00000019)
    __rt_lib_init_preinit_1                  0x08000133   Thumb Code     0  libinit2.o(.ARM.Collect$$libinit$$00000004)
    __rt_lib_init_rand_1                     0x08000133   Thumb Code     0  libinit2.o(.ARM.Collect$$libinit$$0000000E)
    __rt_lib_init_return                     0x08000133   Thumb Code     0  libinit2.o(.ARM.Collect$$libinit$$00000033)
    __rt_lib_init_signal_1                   0x08000133   Thumb Code     0  libinit2.o(.ARM.Collect$$libinit$$0000001D)
    __rt_lib_init_stdio_1                    0x08000133   Thumb Code     0  libinit2.o(.ARM.Collect$$libinit$$00000025)
    __rt_lib_init_user_alloc_1               0x08000133   Thumb Code     0  libinit2.o(.ARM.Collect$$libinit$$0000000C)
    __rt_lib_shutdown                        0x08000135   Thumb Code     0  libshutdown.o(.ARM.Collect$$libshutdown$$00000000)
    __rt_lib_shutdown_cpp_1                  0x08000137   Thumb Code     0  libshutdown2.o(.ARM.Collect$$libshutdown$$00000002)
    __rt_lib_shutdown_fp_trap_1              0x08000137   Thumb Code     0  libshutdown2.o(.ARM.Collect$$libshutdown$$00000007)
    __rt_lib_shutdown_heap_1                 0x08000137   Thumb Code     0  libshutdown2.o(.ARM.Collect$$libshutdown$$0000000F)
    __rt_lib_shutdown_return                 0x08000137   Thumb Code     0  libshutdown2.o(.ARM.Collect$$libshutdown$$00000010)
    __rt_lib_shutdown_signal_1               0x08000137   Thumb Code     0  libshutdown2.o(.ARM.Collect$$libshutdown$$0000000A)
    __rt_lib_shutdown_stdio_1                0x08000137   Thumb Code     0  libshutdown2.o(.ARM.Collect$$libshutdown$$00000004)
    __rt_lib_shutdown_user_alloc_1           0x08000137   Thumb Code     0  libshutdown2.o(.ARM.Collect$$libshutdown$$0000000C)
    __rt_entry                               0x08000139   Thumb Code     0  __rtentry.o(.ARM.Collect$$rtentry$$00000000)
    __rt_entry_presh_1                       0x08000139   Thumb Code     0  __rtentry2.o(.ARM.Collect$$rtentry$$00000002)
    __rt_entry_sh                            0x08000139   Thumb Code     0  __rtentry4.o(.ARM.Collect$$rtentry$$00000004)
    __rt_entry_li                            0x0800013f   Thumb Code     0  __rtentry2.o(.ARM.Collect$$rtentry$$0000000A)
    __rt_entry_postsh_1                      0x0800013f   Thumb Code     0  __rtentry2.o(.ARM.Collect$$rtentry$$00000009)
    __rt_entry_main                          0x08000143   Thumb Code     0  __rtentry2.o(.ARM.Collect$$rtentry$$0000000D)
    __rt_entry_postli_1                      0x08000143   Thumb Code     0  __rtentry2.o(.ARM.Collect$$rtentry$$0000000C)
    __rt_exit                                0x0800014b   Thumb Code     0  rtexit.o(.ARM.Collect$$rtexit$$00000000)
    __rt_exit_ls                             0x0800014d   Thumb Code     0  rtexit2.o(.ARM.Collect$$rtexit$$00000003)
    __rt_exit_prels_1                        0x0800014d   Thumb Code     0  rtexit2.o(.ARM.Collect$$rtexit$$00000002)
    __rt_exit_exit                           0x08000151   Thumb Code     0  rtexit2.o(.ARM.Collect$$rtexit$$00000004)
    Reset_Handler                            0x08000159   Thumb Code    38  startup_mm32f003_q.o(.text)
    NMI_Handler                              0x0800017f   Thumb Code     2  startup_mm32f003_q.o(.text)
    HardFault_Handler                        0x08000181   Thumb Code     2  startup_mm32f003_q.o(.text)
    MemManage_Handler                        0x08000183   Thumb Code     2  startup_mm32f003_q.o(.text)
    BusFault_Handler                         0x08000185   Thumb Code     2  startup_mm32f003_q.o(.text)
    UsageFault_Handler                       0x08000187   Thumb Code     2  startup_mm32f003_q.o(.text)
    SVC_Handler                              0x08000189   Thumb Code     2  startup_mm32f003_q.o(.text)
    DebugMon_Handler                         0x0800018b   Thumb Code     2  startup_mm32f003_q.o(.text)
    PendSV_Handler                           0x0800018d   Thumb Code     2  startup_mm32f003_q.o(.text)
    ADC1_IRQHandler                          0x08000191   Thumb Code     0  startup_mm32f003_q.o(.text)
    DMA1_Channel1_IRQHandler                 0x08000191   Thumb Code     0  startup_mm32f003_q.o(.text)
    DMA1_Channel2_3_IRQHandler               0x08000191   Thumb Code     0  startup_mm32f003_q.o(.text)
    DMA1_Channel4_5_IRQHandler               0x08000191   Thumb Code     0  startup_mm32f003_q.o(.text)
    EXTI0_1_IRQHandler                       0x08000191   Thumb Code     0  startup_mm32f003_q.o(.text)
    EXTI2_3_IRQHandler                       0x08000191   Thumb Code     0  startup_mm32f003_q.o(.text)
    EXTI4_15_IRQHandler                      0x08000191   Thumb Code     0  startup_mm32f003_q.o(.text)
    FLASH_IRQHandler                         0x08000191   Thumb Code     0  startup_mm32f003_q.o(.text)
    I2C1_IRQHandler                          0x08000191   Thumb Code     0  startup_mm32f003_q.o(.text)
    PVD_IRQHandler                           0x08000191   Thumb Code     0  startup_mm32f003_q.o(.text)
    RCC_IRQHandler                           0x08000191   Thumb Code     0  startup_mm32f003_q.o(.text)
    SPI2_IRQHandler                          0x08000191   Thumb Code     0  startup_mm32f003_q.o(.text)
    TIM14_IRQHandler                         0x08000191   Thumb Code     0  startup_mm32f003_q.o(.text)
    TIM16_IRQHandler                         0x08000191   Thumb Code     0  startup_mm32f003_q.o(.text)
    TIM17_IRQHandler                         0x08000191   Thumb Code     0  startup_mm32f003_q.o(.text)
    TIM1_BRK_UP_TRG_COM_IRQHandler           0x08000191   Thumb Code     0  startup_mm32f003_q.o(.text)
    TIM1_CC_IRQHandler                       0x08000191   Thumb Code     0  startup_mm32f003_q.o(.text)
    TIM2_IRQHandler                          0x08000191   Thumb Code     0  startup_mm32f003_q.o(.text)
    TIM3_IRQHandler                          0x08000191   Thumb Code     0  startup_mm32f003_q.o(.text)
    UART2_IRQHandler                         0x08000191   Thumb Code     0  startup_mm32f003_q.o(.text)
    WWDG_IRQHandler                          0x08000191   Thumb Code     0  startup_mm32f003_q.o(.text)
    __user_initial_stackheap                 0x08000195   Thumb Code     0  startup_mm32f003_q.o(.text)
    __2sprintf                               0x080001d1   Thumb Code    40  __2sprintf.o(.text)
    __aeabi_uidiv                            0x080001fd   Thumb Code     0  aeabi_sdiv.o(.text)
    __aeabi_uidivmod                         0x080001fd   Thumb Code    20  aeabi_sdiv.o(.text)
    __aeabi_idiv                             0x08000211   Thumb Code     0  aeabi_sdiv.o(.text)
    __aeabi_idivmod                          0x08000211   Thumb Code   326  aeabi_sdiv.o(.text)
    __use_two_region_memory                  0x08000357   Thumb Code     2  heapauxi.o(.text)
    __rt_heap_escrow$2region                 0x08000359   Thumb Code     2  heapauxi.o(.text)
    __rt_heap_expand$2region                 0x0800035b   Thumb Code     2  heapauxi.o(.text)
    _printf_char_common                      0x08000367   Thumb Code    32  _printf_char_common.o(.text)
    _sputc                                   0x0800038d   Thumb Code    10  _sputc.o(.text)
    __printf                                 0x08000397   Thumb Code    36  __printf_nopercent.o(.text)
    __user_setup_stackheap                   0x080003bb   Thumb Code    62  sys_stackheap_outer.o(.text)
    exit                                     0x080003f9   Thumb Code    16  exit.o(.text)
    __user_libspace                          0x08000409   Thumb Code     8  libspace.o(.text)
    __user_perproc_libspace                  0x08000409   Thumb Code     0  libspace.o(.text)
    __user_perthread_libspace                0x08000409   Thumb Code     0  libspace.o(.text)
    _sys_exit                                0x08000411   Thumb Code     8  sys_exit.o(.text)
    __I$use$semihosting                      0x0800041d   Thumb Code     0  use_no_semi.o(.text)
    __use_no_semihosting_swi                 0x0800041d   Thumb Code     2  use_no_semi.o(.text)
    GPIO_ConfigInit                          0x0800041f   Thumb Code    28  main.o(i.GPIO_ConfigInit)
    __semihosting_library_function           0x0800041f   Thumb Code     0  indicate_semi.o(.text)
    GPIO_Init                                0x0800043b   Thumb Code   222  hal_gpio.o(i.GPIO_Init)
    GPIO_PinAFConfig                         0x08000519   Thumb Code    70  hal_gpio.o(i.GPIO_PinAFConfig)
    InitSystick                              0x08000561   Thumb Code    62  main.o(i.InitSystick)
    NVIC_ConfigInit                          0x080005ad   Thumb Code    22  main.o(i.NVIC_ConfigInit)
    NVIC_Init                                0x080005c5   Thumb Code   106  hal_misc.o(i.NVIC_Init)
    RCC_AHBPeriphClockCmd                    0x080006ad   Thumb Code    28  hal_rcc.o(i.RCC_AHBPeriphClockCmd)
    RCC_APB1PeriphClockCmd                   0x080006cd   Thumb Code    28  hal_rcc.o(i.RCC_APB1PeriphClockCmd)
    RCC_ConfigInit                           0x080006ed   Thumb Code    36  main.o(i.RCC_ConfigInit)
    RCC_GetClocksFreq                        0x08000711   Thumb Code   136  hal_rcc.o(i.RCC_GetClocksFreq)
    SysTick_Handler                          0x08000829   Thumb Code    46  main.o(i.SysTick_Handler)
    SystemInit                               0x08000861   Thumb Code    66  system_mm32f003_q.o(i.SystemInit)
    UART_Cmd                                 0x080008ad   Thumb Code    24  hal_uart.o(i.UART_Cmd)
    UART_GetFlagStatus                       0x080008c9   Thumb Code    20  hal_uart.o(i.UART_GetFlagStatus)
    UART_ITConfig                            0x080008dd   Thumb Code    20  hal_uart.o(i.UART_ITConfig)
    UART_Init                                0x080008f1   Thumb Code   116  hal_uart.o(i.UART_Init)
    UART_SendData                            0x08000969   Thumb Code     6  hal_uart.o(i.UART_SendData)
    UartSendAscii                            0x0800096f   Thumb Code    22  main.o(i.UartSendAscii)
    UartSendByte                             0x08000985   Thumb Code    28  main.o(i.UartSendByte)
    UartSendGroup                            0x080009a5   Thumb Code    28  main.o(i.UartSendGroup)
    Uart_ConfigInit                          0x080009c1   Thumb Code   138  main.o(i.Uart_ConfigInit)
    main                                     0x08000a55   Thumb Code    76  main.o(i.main)
    Region$$Table$$Base                      0x08000af0   Number         0  anon$$obj.o(Region$$Table)
    Region$$Table$$Limit                     0x08000b10   Number         0  anon$$obj.o(Region$$Table)
    rxdata                                   0x20000000   Data           2  main.o(.data)
    pTx                                      0x20000004   Data           4  main.o(.data)
    rx_cnt                                   0x20000008   Data           1  main.o(.data)
    tx_flag                                  0x20000009   Data           1  main.o(.data)
    SysTick_Count                            0x2000000c   Data           4  main.o(.data)
    gDlycnt                                  0x20000010   Data           4  main.o(.data)
    SystemCoreClock                          0x20000014   Data           4  system_mm32f003_q.o(.data)
    AHBPrescTable                            0x20000018   Data          16  system_mm32f003_q.o(.data)
    printBuf                                 0x20000038   Data         100  main.o(.bss)
    __libspace_start                         0x2000009c   Data          96  libspace.o(.bss)
    __temporary_stack_top$libspace           0x200000fc   Data           0  libspace.o(.bss)



==============================================================================

Memory Map of the image

  Image Entry point : 0x080000b5

  Load Region LR_IROM1 (Base: 0x08000000, Size: 0x00000b48, Max: 0x00004000, ABSOLUTE)

    Execution Region ER_IROM1 (Base: 0x08000000, Size: 0x00000b10, Max: 0x00004000, ABSOLUTE)

    Base Addr    Size         Type   Attr      Idx    E Section Name        Object

    0x08000000   0x000000b4   Data   RO          211    RESET               startup_mm32f003_q.o
    0x080000b4   0x00000008   Code   RO         2194  * !!!main             c_p.l(__main.o)
    0x080000bc   0x0000003c   Code   RO         2369    !!!scatter          c_p.l(__scatter.o)
    0x080000f8   0x0000001a   Code   RO         2371    !!handler_copy      c_p.l(__scatter_copy.o)
    0x08000112   0x00000002   PAD
    0x08000114   0x0000001c   Code   RO         2373    !!handler_zi        c_p.l(__scatter_zi.o)
    0x08000130   0x00000002   Code   RO         2238    .ARM.Collect$$libinit$$00000000  c_p.l(libinit.o)
    0x08000132   0x00000000   Code   RO         2252    .ARM.Collect$$libinit$$00000002  c_p.l(libinit2.o)
    0x08000132   0x00000000   Code   RO         2254    .ARM.Collect$$libinit$$00000004  c_p.l(libinit2.o)
    0x08000132   0x00000000   Code   RO         2257    .ARM.Collect$$libinit$$0000000A  c_p.l(libinit2.o)
    0x08000132   0x00000000   Code   RO         2259    .ARM.Collect$$libinit$$0000000C  c_p.l(libinit2.o)
    0x08000132   0x00000000   Code   RO         2261    .ARM.Collect$$libinit$$0000000E  c_p.l(libinit2.o)
    0x08000132   0x00000000   Code   RO         2264    .ARM.Collect$$libinit$$00000011  c_p.l(libinit2.o)
    0x08000132   0x00000000   Code   RO         2266    .ARM.Collect$$libinit$$00000013  c_p.l(libinit2.o)
    0x08000132   0x00000000   Code   RO         2268    .ARM.Collect$$libinit$$00000015  c_p.l(libinit2.o)
    0x08000132   0x00000000   Code   RO         2270    .ARM.Collect$$libinit$$00000017  c_p.l(libinit2.o)
    0x08000132   0x00000000   Code   RO         2272    .ARM.Collect$$libinit$$00000019  c_p.l(libinit2.o)
    0x08000132   0x00000000   Code   RO         2274    .ARM.Collect$$libinit$$0000001B  c_p.l(libinit2.o)
    0x08000132   0x00000000   Code   RO         2276    .ARM.Collect$$libinit$$0000001D  c_p.l(libinit2.o)
    0x08000132   0x00000000   Code   RO         2278    .ARM.Collect$$libinit$$0000001F  c_p.l(libinit2.o)
    0x08000132   0x00000000   Code   RO         2280    .ARM.Collect$$libinit$$00000021  c_p.l(libinit2.o)
    0x08000132   0x00000000   Code   RO         2282    .ARM.Collect$$libinit$$00000023  c_p.l(libinit2.o)
    0x08000132   0x00000000   Code   RO         2284    .ARM.Collect$$libinit$$00000025  c_p.l(libinit2.o)
    0x08000132   0x00000000   Code   RO         2288    .ARM.Collect$$libinit$$0000002C  c_p.l(libinit2.o)
    0x08000132   0x00000000   Code   RO         2290    .ARM.Collect$$libinit$$0000002E  c_p.l(libinit2.o)
    0x08000132   0x00000000   Code   RO         2292    .ARM.Collect$$libinit$$00000030  c_p.l(libinit2.o)
    0x08000132   0x00000000   Code   RO         2294    .ARM.Collect$$libinit$$00000032  c_p.l(libinit2.o)
    0x08000132   0x00000002   Code   RO         2295    .ARM.Collect$$libinit$$00000033  c_p.l(libinit2.o)
    0x08000134   0x00000002   Code   RO         2326    .ARM.Collect$$libshutdown$$00000000  c_p.l(libshutdown.o)
    0x08000136   0x00000000   Code   RO         2352    .ARM.Collect$$libshutdown$$00000002  c_p.l(libshutdown2.o)
    0x08000136   0x00000000   Code   RO         2354    .ARM.Collect$$libshutdown$$00000004  c_p.l(libshutdown2.o)
    0x08000136   0x00000000   Code   RO         2357    .ARM.Collect$$libshutdown$$00000007  c_p.l(libshutdown2.o)
    0x08000136   0x00000000   Code   RO         2360    .ARM.Collect$$libshutdown$$0000000A  c_p.l(libshutdown2.o)
    0x08000136   0x00000000   Code   RO         2362    .ARM.Collect$$libshutdown$$0000000C  c_p.l(libshutdown2.o)
    0x08000136   0x00000000   Code   RO         2365    .ARM.Collect$$libshutdown$$0000000F  c_p.l(libshutdown2.o)
    0x08000136   0x00000002   Code   RO         2366    .ARM.Collect$$libshutdown$$00000010  c_p.l(libshutdown2.o)
    0x08000138   0x00000000   Code   RO         2196    .ARM.Collect$$rtentry$$00000000  c_p.l(__rtentry.o)
    0x08000138   0x00000000   Code   RO         2206    .ARM.Collect$$rtentry$$00000002  c_p.l(__rtentry2.o)
    0x08000138   0x00000006   Code   RO         2218    .ARM.Collect$$rtentry$$00000004  c_p.l(__rtentry4.o)
    0x0800013e   0x00000000   Code   RO         2208    .ARM.Collect$$rtentry$$00000009  c_p.l(__rtentry2.o)
    0x0800013e   0x00000004   Code   RO         2209    .ARM.Collect$$rtentry$$0000000A  c_p.l(__rtentry2.o)
    0x08000142   0x00000000   Code   RO         2211    .ARM.Collect$$rtentry$$0000000C  c_p.l(__rtentry2.o)
    0x08000142   0x00000008   Code   RO         2212    .ARM.Collect$$rtentry$$0000000D  c_p.l(__rtentry2.o)
    0x0800014a   0x00000002   Code   RO         2243    .ARM.Collect$$rtexit$$00000000  c_p.l(rtexit.o)
    0x0800014c   0x00000000   Code   RO         2299    .ARM.Collect$$rtexit$$00000002  c_p.l(rtexit2.o)
    0x0800014c   0x00000004   Code   RO         2300    .ARM.Collect$$rtexit$$00000003  c_p.l(rtexit2.o)
    0x08000150   0x00000006   Code   RO         2301    .ARM.Collect$$rtexit$$00000004  c_p.l(rtexit2.o)
    0x08000156   0x00000002   PAD
    0x08000158   0x00000078   Code   RO          212    .text               startup_mm32f003_q.o
    0x080001d0   0x0000002c   Code   RO         2184    .text               c_p.l(__2sprintf.o)
    0x080001fc   0x0000015a   Code   RO         2188    .text               c_p.l(aeabi_sdiv.o)
    0x08000356   0x00000006   Code   RO         2192    .text               c_p.l(heapauxi.o)
    0x0800035c   0x00000030   Code   RO         2201    .text               c_p.l(_printf_char_common.o)
    0x0800038c   0x0000000a   Code   RO         2203    .text               c_p.l(_sputc.o)
    0x08000396   0x00000024   Code   RO         2222    .text               c_p.l(__printf_nopercent.o)
    0x080003ba   0x0000003e   Code   RO         2224    .text               c_p.l(sys_stackheap_outer.o)
    0x080003f8   0x00000010   Code   RO         2227    .text               c_p.l(exit.o)
    0x08000408   0x00000008   Code   RO         2239    .text               c_p.l(libspace.o)
    0x08000410   0x0000000c   Code   RO         2296    .text               c_p.l(sys_exit.o)
    0x0800041c   0x00000002   Code   RO         2315    .text               c_p.l(use_no_semi.o)
    0x0800041e   0x00000000   Code   RO         2317    .text               c_p.l(indicate_semi.o)
    0x0800041e   0x0000001c   Code   RO            3    i.GPIO_ConfigInit   main.o
    0x0800043a   0x000000de   Code   RO          710    i.GPIO_Init         hal_gpio.o
    0x08000518   0x00000046   Code   RO          711    i.GPIO_PinAFConfig  hal_gpio.o
    0x0800055e   0x00000002   PAD
    0x08000560   0x0000004c   Code   RO            4    i.InitSystick       main.o
    0x080005ac   0x00000016   Code   RO            5    i.NVIC_ConfigInit   main.o
    0x080005c2   0x00000002   PAD
    0x080005c4   0x00000070   Code   RO         1012    i.NVIC_Init         hal_misc.o
    0x08000634   0x00000078   Code   RO            6    i.NVIC_SetPriority  main.o
    0x080006ac   0x00000020   Code   RO         1124    i.RCC_AHBPeriphClockCmd  hal_rcc.o
    0x080006cc   0x00000020   Code   RO         1125    i.RCC_APB1PeriphClockCmd  hal_rcc.o
    0x080006ec   0x00000024   Code   RO            7    i.RCC_ConfigInit    main.o
    0x08000710   0x0000009c   Code   RO         1134    i.RCC_GetClocksFreq  hal_rcc.o
    0x080007ac   0x00000008   Code   RO          172    i.SetSysClock       system_mm32f003_q.o
    0x080007b4   0x00000074   Code   RO          173    i.SetSysClockTo48_HSI  system_mm32f003_q.o
    0x08000828   0x00000038   Code   RO            8    i.SysTick_Handler   main.o
    0x08000860   0x0000004c   Code   RO          174    i.SystemInit        system_mm32f003_q.o
    0x080008ac   0x0000001c   Code   RO         2038    i.UART_Cmd          hal_uart.o
    0x080008c8   0x00000014   Code   RO         2041    i.UART_GetFlagStatus  hal_uart.o
    0x080008dc   0x00000014   Code   RO         2043    i.UART_ITConfig     hal_uart.o
    0x080008f0   0x00000078   Code   RO         2044    i.UART_Init         hal_uart.o
    0x08000968   0x00000006   Code   RO         2046    i.UART_SendData     hal_uart.o
    0x0800096e   0x00000016   Code   RO           10    i.UartSendAscii     main.o
    0x08000984   0x00000020   Code   RO           11    i.UartSendByte      main.o
    0x080009a4   0x0000001c   Code   RO           12    i.UartSendGroup     main.o
    0x080009c0   0x00000094   Code   RO           13    i.Uart_ConfigInit   main.o
    0x08000a54   0x0000009c   Code   RO           14    i.main              main.o
    0x08000af0   0x00000020   Data   RO         2367    Region$$Table       anon$$obj.o


    Execution Region RW_IRAM1 (Base: 0x20000000, Size: 0x00000300, Max: 0x00000800, ABSOLUTE)

    Base Addr    Size         Type   Attr      Idx    E Section Name        Object

    0x20000000   0x00000014   Data   RW           16    .data               main.o
    0x20000014   0x00000014   Data   RW          175    .data               system_mm32f003_q.o
    0x20000028   0x00000010   Data   RW         1148    .data               hal_rcc.o
    0x20000038   0x00000064   Zero   RW           15    .bss                main.o
    0x2000009c   0x00000060   Zero   RW         2240    .bss                c_p.l(libspace.o)
    0x200000fc   0x00000004   PAD
    0x20000100   0x00000000   Zero   RW          210    HEAP                startup_mm32f003_q.o
    0x20000100   0x00000200   Zero   RW          209    STACK               startup_mm32f003_q.o


==============================================================================

Image component sizes


      Code (inc. data)   RO Data    RW Data    ZI Data      Debug   Object Name

       292          0          0          0          0       2763   hal_gpio.o
       112          6          0          0          0       1124   hal_misc.o
       220         28          0         16          0       3917   hal_rcc.o
       194          8          0          0          0       4016   hal_uart.o
       724        128          0         20        100     117116   main.o
       120         52        180          0        512        964   startup_mm32f003_q.o
       200         20          0         20          0       2569   system_mm32f003_q.o

    ----------------------------------------------------------------------
      1866        242        212         56        612     132469   Object Totals
         0          0         32          0          0          0   (incl. Generated)
         4          0          0          0          0          0   (incl. Padding)

    ----------------------------------------------------------------------

      Code (inc. data)   RO Data    RW Data    ZI Data      Debug   Library Member Name

        44          4          0          0          0         84   __2sprintf.o
         8          0          0          0          0         68   __main.o
        36          0          0          0          0         76   __printf_nopercent.o
         0          0          0          0          0          0   __rtentry.o
        12          0          0          0          0          0   __rtentry2.o
         6          0          0          0          0          0   __rtentry4.o
        60          8          0          0          0          0   __scatter.o
        26          0          0          0          0          0   __scatter_copy.o
        28          0          0          0          0          0   __scatter_zi.o
        48          6          0          0          0         88   _printf_char_common.o
        10          0          0          0          0         60   _sputc.o
       346          0          0          0          0         92   aeabi_sdiv.o
        16          0          0          0          0         68   exit.o
         6          0          0          0          0        136   heapauxi.o
         0          0          0          0          0          0   indicate_semi.o
         2          0          0          0          0          0   libinit.o
         2          0          0          0          0          0   libinit2.o
         2          0          0          0          0          0   libshutdown.o
         2          0          0          0          0          0   libshutdown2.o
         8          4          0          0         96         68   libspace.o
         2          0          0          0          0          0   rtexit.o
        10          0          0          0          0          0   rtexit2.o
        12          4          0          0          0         60   sys_exit.o
        62          0          0          0          0         80   sys_stackheap_outer.o
         2          0          0          0          0         68   use_no_semi.o

    ----------------------------------------------------------------------
       754         26          0          0        100        948   Library Totals
         4          0          0          0          4          0   (incl. Padding)

    ----------------------------------------------------------------------

      Code (inc. data)   RO Data    RW Data    ZI Data      Debug   Library Name

       750         26          0          0         96        948   c_p.l

    ----------------------------------------------------------------------
       754         26          0          0        100        948   Library Totals

    ----------------------------------------------------------------------

==============================================================================


      Code (inc. data)   RO Data    RW Data    ZI Data      Debug   

      2620        268        212         56        712     132041   Grand Totals
      2620        268        212         56        712     132041   ELF Image Totals
      2620        268        212         56          0          0   ROM Totals

==============================================================================

    Total RO  Size (Code + RO Data)                 2832 (   2.77kB)
    Total RW  Size (RW Data + ZI Data)               768 (   0.75kB)
    Total ROM Size (Code + RO Data + RW Data)       2888 (   2.82kB)

==============================================================================

