<html>
<body>
<pre>
<h1>µVision Build Log</h1>
<h2>Tool Versions:</h2>
IDE-Version: ¦ÌVision V5.17.0.0
Copyright (C) 2015 ARM Ltd and ARM Germany GmbH. All rights reserved.
License Information: openvox openvox, openvox, LIC=----
 
Tool Versions:
Toolchain:       MDK-Lite  Version: 5.17
Toolchain Path:  D:\Keil_v5\ARM\ARMCC\Bin
C Compiler:      Armcc.exe V5.06 update 1 (build 61)
Assembler:       Armasm.exe V5.06 update 1 (build 61)
Linker/Locator:  ArmLink.exe V5.06 update 1 (build 61)
Library Manager: ArmAr.exe V5.06 update 1 (build 61)
Hex Converter:   FromElf.exe V5.06 update 1 (build 61)
CPU DLL:         SARMCM3.DLL V5.17
Dialog DLL:      DARMCM1.DLL V1.12.0.0
Target DLL:      MM32LINKCM3.dll V1.0.0.0
Dialog DLL:      TARMCM1.DLL V1.9.0.0
 
<h2>Project:</h2>
C:\Users\openvox\Desktop\mytest\mydemo\mm32f003_rs485\Boards_MM32F003xx_q\CBF003TW_q_lib\GPIO\GPIO_IN\KEIL_PRJ\GPIO_IN.uvprojx
Project File Date:  06/19/2019

<h2>Output:</h2>
*** Using Compiler 'V5.06 update 1 (build 61)', folder: 'D:\Keil_v5\ARM\ARMCC\Bin'
Rebuild Project 'GPIO_IN' - Target 'MM32'
assembling startup_MM32F003_q.s...
compiling system_MM32F003_q.c...
compiling main.c...
compiling HAL_adc.c...
compiling HAL_crc.c...
compiling HAL_dma.c...
compiling HAL_exti.c...
compiling HAL_flash.c...
compiling HAL_gpio.c...
compiling HAL_i2c.c...
compiling HAL_iwdg.c...
compiling HAL_misc.c...
compiling HAL_pwr.c...
compiling HAL_rcc.c...
compiling HAL_spi.c...
compiling HAL_syscfg.c...
compiling HAL_uart.c...
compiling HAL_tim.c...
compiling HAL_wwdg.c...
linking...
Program Size: Code=3028 RO-data=252 RW-data=32 ZI-data=712  
FromELF: creating hex file...
".\Objects\MM32.axf" - 0 Error(s), 0 Warning(s).

<h2>Collection of Component include folders:</h2>
  C:\Users\openvox\Desktop\mytest\mydemo\mm32f003_rs485\Boards_MM32F003xx_q\CBF003TW_q_lib\GPIO\GPIO_IN\KEIL_PRJ\RTE
  D:\Keil_v5\ARM\PACK\MindMotion\MM32F003_DFP\1.0.2\Device\MM32F003\Include

<h2>Collection of Component Files used:</h2>
Build Time Elapsed:  00:00:03
</pre>
</body>
</html>
