###############################################################################
#
# IAR ELF Linker V8.10.1.12857/W32 for ARM                20/Jun/2019  10:09:02
# Copyright 2007-2017 IAR Systems AB.
#
#    Output file  =  
#        C:\Users\openvox\Desktop\mytest\mydemo\MM32F003xx_q_Lib_Samples_V1.08_SC\Boards_MM32F003xx_q\CBF003TW_q_lib\UART\UART_TxPollRxNVIC\IAR_PRJ\Debug\Exe\MM32.out
#    Map file     =  
#        C:\Users\openvox\Desktop\mytest\mydemo\MM32F003xx_q_Lib_Samples_V1.08_SC\Boards_MM32F003xx_q\CBF003TW_q_lib\UART\UART_TxPollRxNVIC\IAR_PRJ\Debug\List\MM32.map
#    Command line =  
#        -f C:\Users\openvox\AppData\Local\Temp\EWBAC1.tmp
#        (C:\Users\openvox\Desktop\mytest\mydemo\MM32F003xx_q_Lib_Samples_V1.08_SC\Boards_MM32F003xx_q\CBF003TW_q_lib\UART\UART_TxPollRxNVIC\IAR_PRJ\Debug\Obj\HAL_adc.o
#        C:\Users\openvox\Desktop\mytest\mydemo\MM32F003xx_q_Lib_Samples_V1.08_SC\Boards_MM32F003xx_q\CBF003TW_q_lib\UART\UART_TxPollRxNVIC\IAR_PRJ\Debug\Obj\HAL_crc.o
#        C:\Users\openvox\Desktop\mytest\mydemo\MM32F003xx_q_Lib_Samples_V1.08_SC\Boards_MM32F003xx_q\CBF003TW_q_lib\UART\UART_TxPollRxNVIC\IAR_PRJ\Debug\Obj\HAL_dma.o
#        C:\Users\openvox\Desktop\mytest\mydemo\MM32F003xx_q_Lib_Samples_V1.08_SC\Boards_MM32F003xx_q\CBF003TW_q_lib\UART\UART_TxPollRxNVIC\IAR_PRJ\Debug\Obj\HAL_exti.o
#        C:\Users\openvox\Desktop\mytest\mydemo\MM32F003xx_q_Lib_Samples_V1.08_SC\Boards_MM32F003xx_q\CBF003TW_q_lib\UART\UART_TxPollRxNVIC\IAR_PRJ\Debug\Obj\HAL_flash.o
#        C:\Users\openvox\Desktop\mytest\mydemo\MM32F003xx_q_Lib_Samples_V1.08_SC\Boards_MM32F003xx_q\CBF003TW_q_lib\UART\UART_TxPollRxNVIC\IAR_PRJ\Debug\Obj\HAL_gpio.o
#        C:\Users\openvox\Desktop\mytest\mydemo\MM32F003xx_q_Lib_Samples_V1.08_SC\Boards_MM32F003xx_q\CBF003TW_q_lib\UART\UART_TxPollRxNVIC\IAR_PRJ\Debug\Obj\HAL_i2c.o
#        C:\Users\openvox\Desktop\mytest\mydemo\MM32F003xx_q_Lib_Samples_V1.08_SC\Boards_MM32F003xx_q\CBF003TW_q_lib\UART\UART_TxPollRxNVIC\IAR_PRJ\Debug\Obj\HAL_iwdg.o
#        C:\Users\openvox\Desktop\mytest\mydemo\MM32F003xx_q_Lib_Samples_V1.08_SC\Boards_MM32F003xx_q\CBF003TW_q_lib\UART\UART_TxPollRxNVIC\IAR_PRJ\Debug\Obj\HAL_misc.o
#        C:\Users\openvox\Desktop\mytest\mydemo\MM32F003xx_q_Lib_Samples_V1.08_SC\Boards_MM32F003xx_q\CBF003TW_q_lib\UART\UART_TxPollRxNVIC\IAR_PRJ\Debug\Obj\HAL_pwr.o
#        C:\Users\openvox\Desktop\mytest\mydemo\MM32F003xx_q_Lib_Samples_V1.08_SC\Boards_MM32F003xx_q\CBF003TW_q_lib\UART\UART_TxPollRxNVIC\IAR_PRJ\Debug\Obj\HAL_rcc.o
#        C:\Users\openvox\Desktop\mytest\mydemo\MM32F003xx_q_Lib_Samples_V1.08_SC\Boards_MM32F003xx_q\CBF003TW_q_lib\UART\UART_TxPollRxNVIC\IAR_PRJ\Debug\Obj\HAL_spi.o
#        C:\Users\openvox\Desktop\mytest\mydemo\MM32F003xx_q_Lib_Samples_V1.08_SC\Boards_MM32F003xx_q\CBF003TW_q_lib\UART\UART_TxPollRxNVIC\IAR_PRJ\Debug\Obj\HAL_syscfg.o
#        C:\Users\openvox\Desktop\mytest\mydemo\MM32F003xx_q_Lib_Samples_V1.08_SC\Boards_MM32F003xx_q\CBF003TW_q_lib\UART\UART_TxPollRxNVIC\IAR_PRJ\Debug\Obj\HAL_tim.o
#        C:\Users\openvox\Desktop\mytest\mydemo\MM32F003xx_q_Lib_Samples_V1.08_SC\Boards_MM32F003xx_q\CBF003TW_q_lib\UART\UART_TxPollRxNVIC\IAR_PRJ\Debug\Obj\HAL_uart.o
#        C:\Users\openvox\Desktop\mytest\mydemo\MM32F003xx_q_Lib_Samples_V1.08_SC\Boards_MM32F003xx_q\CBF003TW_q_lib\UART\UART_TxPollRxNVIC\IAR_PRJ\Debug\Obj\HAL_wwdg.o
#        C:\Users\openvox\Desktop\mytest\mydemo\MM32F003xx_q_Lib_Samples_V1.08_SC\Boards_MM32F003xx_q\CBF003TW_q_lib\UART\UART_TxPollRxNVIC\IAR_PRJ\Debug\Obj\main.o
#        C:\Users\openvox\Desktop\mytest\mydemo\MM32F003xx_q_Lib_Samples_V1.08_SC\Boards_MM32F003xx_q\CBF003TW_q_lib\UART\UART_TxPollRxNVIC\IAR_PRJ\Debug\Obj\startup_MM32F003_q.o
#        C:\Users\openvox\Desktop\mytest\mydemo\MM32F003xx_q_Lib_Samples_V1.08_SC\Boards_MM32F003xx_q\CBF003TW_q_lib\UART\UART_TxPollRxNVIC\IAR_PRJ\Debug\Obj\system_MM32F003_q.o
#        -o
#        C:\Users\openvox\Desktop\mytest\mydemo\MM32F003xx_q_Lib_Samples_V1.08_SC\Boards_MM32F003xx_q\CBF003TW_q_lib\UART\UART_TxPollRxNVIC\IAR_PRJ\Debug\Exe\MM32.out
#        --map
#        C:\Users\openvox\Desktop\mytest\mydemo\MM32F003xx_q_Lib_Samples_V1.08_SC\Boards_MM32F003xx_q\CBF003TW_q_lib\UART\UART_TxPollRxNVIC\IAR_PRJ\Debug\List\MM32.map
#        --config "D:\Program Files (x86)\IAR Systems\Embedded Workbench
#        8.0\arm\config\linker\ARM\MPS2FVP.icf" --semihosting --entry
#        __iar_program_start --vfe --text_out locale)
#
###############################################################################

*******************************************************************************
*** RUNTIME MODEL ATTRIBUTES
***

CppFlavor       = *
__SystemLibrary = DLib
__dlib_version  = 6


*******************************************************************************
*** HEAP SELECTION
***

The basic heap was selected because no calls to memory allocation
functions were found in the application outside of system library
functions, and there are calls to deallocation functions in the
application.


*******************************************************************************
*** PLACEMENT SUMMARY
***

"A0":  place at 0x00004000 { ro section .intvec };
"P1":  place in [from 0x00004000 to 0x007fffff] |
                [from 0x20000000 to 0x207fffff] { ro };
"P2":  place in [from 0x00004000 to 0x007fffff] |
                [from 0x20000000 to 0x207fffff] { rw, block CSTACK, block HEAP };
initialize by copy { rw };

  Section            Kind        Address   Size  Object
  -------            ----        -------   ----  ------
"A0":                                      0xb4
  .intvec            ro code  0x00004000   0xb4  startup_MM32F003_q.o [1]
                            - 0x000040b4   0xb4

"P1-P2", part 1 of 4:                     0xcbe
  .text              ro code  0x000040b4  0x40a  main.o [1]
  .text              ro code  0x000044be   0xae  I32DivModFast.o [4]
  .text              ro code  0x0000456c   0xf4  HAL_uart.o [1]
  .text              ro code  0x00004660   0x40  sprintf.o [3]
  .text              ro code  0x000046a0   0x5c  ABImemcpy.o [4]
  .text              ro code  0x000046fc   0x74  HAL_misc.o [1]
  .text              ro code  0x00004770   0xdc  HAL_rcc.o [1]
  .text              ro code  0x0000484c  0x116  HAL_gpio.o [1]
  .text              ro code  0x00004962    0xa  xsprout.o [3]
  .text              ro code  0x0000496c    0x2  IntDivZer.o [4]
  .text              ro code  0x0000496e  0x188  xprintftiny.o [3]
  .text              ro code  0x00004af6   0x10  strlen.o [4]
  .text              ro code  0x00004b06    0x2  startup_MM32F003_q.o [1]
  .text              ro code  0x00004b08   0xd4  system_MM32F003_q.o [1]
  .text              ro code  0x00004bdc   0x40  zero_init3.o [4]
  .text              ro code  0x00004c1c   0x30  copy_init3.o [4]
  .text              ro code  0x00004c4c   0x28  data_init.o [4]
  .rodata            const    0x00004c74   0x24  main.o [1]
  .iar.init_table    const    0x00004c98   0x24  - Linker created -
  .text              ro code  0x00004cbc   0x1a  cmain.o [4]
  .text              ro code  0x00004cd6    0x4  low_level_init.o [3]
  .text              ro code  0x00004cda    0x8  exit.o [3]
  .text              ro code  0x00004ce2    0x2  startup_MM32F003_q.o [1]
  .text              ro code  0x00004ce4    0xa  cexit.o [4]
  .text              ro code  0x00004cee    0x2  startup_MM32F003_q.o [1]
  .text              ro code  0x00004cf0   0x14  exit.o [5]
  .rodata            const    0x00004d04   0x10  main.o [1]
  .rodata            const    0x00004d14   0x10  main.o [1]
  .text              ro code  0x00004d24   0x10  startup_MM32F003_q.o [1]
  .text              ro code  0x00004d34    0xc  cstartup_M.o [4]
  .text              ro code  0x00004d40    0x2  startup_MM32F003_q.o [1]
  .text              ro code  0x00004d42    0x2  startup_MM32F003_q.o [1]
  .text              ro code  0x00004d44    0x2  startup_MM32F003_q.o [1]
  .text              ro code  0x00004d46    0x2  startup_MM32F003_q.o [1]
  .text              ro code  0x00004d48    0x2  startup_MM32F003_q.o [1]
  .text              ro code  0x00004d4a    0x2  startup_MM32F003_q.o [1]
  .text              ro code  0x00004d4c    0x2  startup_MM32F003_q.o [1]
  .text              ro code  0x00004d4e    0x2  startup_MM32F003_q.o [1]
  .text              ro code  0x00004d50    0x2  startup_MM32F003_q.o [1]
  .text              ro code  0x00004d52    0x2  startup_MM32F003_q.o [1]
  .text              ro code  0x00004d54    0x2  startup_MM32F003_q.o [1]
  .text              ro code  0x00004d56    0x2  startup_MM32F003_q.o [1]
  .text              ro code  0x00004d58    0x2  startup_MM32F003_q.o [1]
  .text              ro code  0x00004d5a    0x2  startup_MM32F003_q.o [1]
  .text              ro code  0x00004d5c    0x2  startup_MM32F003_q.o [1]
  .text              ro code  0x00004d5e    0x2  startup_MM32F003_q.o [1]
  .text              ro code  0x00004d60    0x2  startup_MM32F003_q.o [1]
  .text              ro code  0x00004d62    0x2  startup_MM32F003_q.o [1]
  .text              ro code  0x00004d64    0x2  startup_MM32F003_q.o [1]
  .text              ro code  0x00004d66    0x2  startup_MM32F003_q.o [1]
  .text              ro code  0x00004d68    0x2  startup_MM32F003_q.o [1]
  .text              ro code  0x00004d6a    0x2  startup_MM32F003_q.o [1]
  .text              ro code  0x00004d6c    0x2  startup_MM32F003_q.o [1]
  .text              ro code  0x00004d6e    0x2  startup_MM32F003_q.o [1]
  .text              ro code  0x00004d70    0x2  startup_MM32F003_q.o [1]
  .rodata            const    0x00004d72    0x0  zero_init3.o [4]
  .rodata            const    0x00004d72    0x0  copy_init3.o [4]
                            - 0x00004d72  0xcbe

"P1-P2", part 2 of 4:                     0x400
  CSTACK                      0x00004d78  0x400  <Block>
    CSTACK           uninit   0x00004d78  0x400  <Block tail>
                            - 0x00005178  0x400

"P1-P2", part 3 of 4:                      0x28
  P1-P2 s0                    0x00005178   0x14  <Init block>
    .data            inited   0x00005178   0x10  HAL_rcc.o [1]
    .data            inited   0x00005188    0x4  system_MM32F003_q.o [1]
  Initializer bytes  const    0x0000518c   0x14  <for P1-P2 s0>
                            - 0x000051a0   0x28

"P1-P2", part 4 of 4:                     0x250
  .bss               zero     0x000051a0  0x100  main.o [1]
  .bss               zero     0x000052a0   0x64  main.o [1]
  .bss               zero     0x00005304   0x64  main.o [1]
  .bss               zero     0x00005368   0x64  main.o [1]
  .bss               zero     0x000053cc    0xc  main.o [1]
  .bss               zero     0x000053d8    0xc  main.o [1]
  .bss               zero     0x000053e4    0x4  main.o [1]
  .bss               zero     0x000053e8    0x4  main.o [1]
  .bss               zero     0x000053ec    0x1  main.o [1]
                            - 0x000053ed  0x24d


*******************************************************************************
*** INIT TABLE
***

          Address     Size
          -------     ----
Zero (__iar_zero_init3)
    1 destination range, total size 0x24d:
          0x000051a0  0x24d

Copy (__iar_copy_init3)
    1 source range, total size 0x14:
          0x0000518c   0x14
    1 destination range, total size 0x14:
          0x00005178   0x14



*******************************************************************************
*** MODULE SUMMARY
***

    Module                ro code  ro data  rw data
    ------                -------  -------  -------
C:\Users\openvox\Desktop\mytest\mydemo\MM32F003xx_q_Lib_Samples_V1.08_SC\Boards_MM32F003xx_q\CBF003TW_q_lib\UART\UART_TxPollRxNVIC\IAR_PRJ\Debug\Obj: [1]
    HAL_gpio.o                278
    HAL_misc.o                116
    HAL_rcc.o                 220       16       16
    HAL_uart.o                244
    main.o                  1 034       68      589
    startup_MM32F003_q.o      252
    system_MM32F003_q.o       212        4        4
    -----------------------------------------------
    Total:                  2 356       88      609

command line: [2]
    -----------------------------------------------
    Total:

dl6M_tlf.a: [3]
    exit.o                      8
    low_level_init.o            4
    sprintf.o                  64
    xprintftiny.o             392
    xsprout.o                  10
    -----------------------------------------------
    Total:                    478

rt6M_tl.a: [4]
    ABImemcpy.o                92
    I32DivModFast.o           174
    IntDivZer.o                 2
    cexit.o                    10
    cmain.o                    26
    copy_init3.o               48
    cstartup_M.o               12
    data_init.o                40
    strlen.o                   16
    zero_init3.o               64
    -----------------------------------------------
    Total:                    484

shb_l.a: [5]
    exit.o                     20
    -----------------------------------------------
    Total:                     20

    Linker created                      36    1 024
---------------------------------------------------
    Grand Total:            3 338      124    1 633


*******************************************************************************
*** ENTRY LIST
***

Entry                      Address   Size  Type      Object
-----                      -------   ----  ----      ------
.iar.init_table$$Base   0x00004c98          --   Gb  - Linker created -
.iar.init_table$$Limit  0x00004cbc          --   Gb  - Linker created -
?main                   0x00004cbd         Code  Gb  cmain.o [4]
APBAHBPrescTable        0x00005178   0x10  Data  Lc  HAL_rcc.o [1]
CSTACK$$Base            0x00004d78          --   Gb  - Linker created -
CSTACK$$Limit           0x00005178          --   Gb  - Linker created -
GPIO_Init               0x0000484d   0xc0  Code  Gb  HAL_gpio.o [1]
GPIO_PinAFConfig        0x0000490d   0x56  Code  Gb  HAL_gpio.o [1]
InitSystick             0x0000416d   0x1e  Code  Gb  main.o [1]
NVIC_ConfigInit         0x0000435d   0x1c  Code  Gb  main.o [1]
NVIC_Init               0x000046fd   0x68  Code  Gb  HAL_misc.o [1]
NVIC_SetPriority        0x000040b5   0x88  Code  Lc  main.o [1]
RCC_AHBPeriphClockCmd   0x000047ef   0x20  Code  Gb  HAL_rcc.o [1]
RCC_APB1PeriphClockCmd  0x0000480f   0x20  Code  Gb  HAL_rcc.o [1]
RCC_GetClocksFreq       0x00004771   0x7e  Code  Gb  HAL_rcc.o [1]
Region$$Table$$Base     0x00004c98          --   Gb  - Linker created -
Region$$Table$$Limit    0x00004cbc          --   Gb  - Linker created -
RxBuf                   0x000052a0   0x64  Data  Gb  main.o [1]
SetSysClock             0x00004b49    0x8  Code  Lc  system_MM32F003_q.o [1]
SetSysClockTo48_HSI     0x00004b51   0x6a  Code  Lc  system_MM32F003_q.o [1]
SysTick_Config          0x0000413d   0x30  Code  Lc  main.o [1]
SysTick_Count           0x000053e4    0x4  Data  Gb  main.o [1]
SysTick_Handler         0x0000418b   0x30  Code  Gb  main.o [1]
SystemCoreClock         0x00005188    0x4  Data  Gb  system_MM32F003_q.o [1]
SystemInit              0x00004b09   0x40  Code  Gb  system_MM32F003_q.o [1]
TxBuf                   0x00005304   0x64  Data  Gb  main.o [1]
UART2_IRQHandler        0x000042ed   0x6c  Code  Gb  main.o [1]
UART2_ReadBuf           0x00004213   0x6e  Code  Gb  main.o [1]
UART2_RxProcessStructInit
                        0x000041e7   0x2c  Code  Gb  main.o [1]
UART2_TxProcessStructInit
                        0x000041bb   0x2c  Code  Gb  main.o [1]
UART2_WriteBuf          0x00004281   0x1e  Code  Gb  main.o [1]
UART_ClearITPendingBit  0x0000465b    0x6  Code  Gb  HAL_uart.o [1]
UART_Cmd                0x000045d7   0x1c  Code  Gb  HAL_uart.o [1]
UART_GetFlagStatus      0x00004627   0x1a  Code  Gb  HAL_uart.o [1]
UART_GetITStatus        0x00004641   0x1a  Code  Gb  HAL_uart.o [1]
UART_ITConfig           0x000045fd   0x1c  Code  Gb  HAL_uart.o [1]
UART_Init               0x0000456d   0x6a  Code  Gb  HAL_uart.o [1]
UART_ReceiveData        0x00004621    0x6  Code  Gb  HAL_uart.o [1]
UART_SendData           0x00004619    0x8  Code  Gb  HAL_uart.o [1]
UartSendAscii           0x000044a9   0x16  Code  Gb  main.o [1]
UartSendByte            0x0000442d   0x1c  Code  Gb  main.o [1]
UartSendGroup           0x0000448d   0x1c  Code  Gb  main.o [1]
Uart_ConfigInit         0x00004379   0xaa  Code  Gb  main.o [1]
_PrintfTiny             0x00004989  0x16e  Code  Gb  xprintftiny.o [3]
_SProut                 0x00004963    0xa  Code  Gb  xsprout.o [3]
__aeabi_idiv0           0x0000496d         Code  Gb  IntDivZer.o [4]
__aeabi_memcpy          0x000046a1         Code  Gb  ABImemcpy.o [4]
__aeabi_uidiv           0x000044bf         Code  Gb  I32DivModFast.o [4]
__aeabi_uidivmod        0x000044bf         Code  Gb  I32DivModFast.o [4]
__cmain                 0x00004cbd         Code  Gb  cmain.o [4]
__exit                  0x00004cf1   0x14  Code  Gb  exit.o [5]
__iar_copy_init3        0x00004c1d   0x30  Code  Gb  copy_init3.o [4]
__iar_data_init3        0x00004c4d   0x28  Code  Gb  data_init.o [4]
__iar_program_start     0x00004d35         Code  Gb  cstartup_M.o [4]
__iar_systems$$module {Abs}
                        0x00000001         Data  Gb  command line/config [2]
__iar_zero_init3        0x00004bdd   0x40  Code  Gb  zero_init3.o [4]
__low_level_init        0x00004cd7    0x4  Code  Gb  low_level_init.o [3]
__vector_table          0x00004000         Data  Gb  startup_MM32F003_q.o [1]
_call_main              0x00004cc9         Code  Gb  cmain.o [4]
_exit                   0x00004ce5         Code  Gb  cexit.o [4]
_main                   0x00004cd3         Code  Gb  cmain.o [4]
exit                    0x00004cdb    0x8  Code  Gb  exit.o [3]
gDlycnt                 0x000053e8    0x4  Data  Gb  main.o [1]
main                    0x0000429f   0x4e  Code  Gb  main.o [1]
out                     0x0000496f   0x1a  Code  Lc  xprintftiny.o [3]
printBuf                0x00005368   0x64  Data  Gb  main.o [1]
sprintf                 0x00004661   0x40  Code  Gb  sprintf.o [3]
strlen                  0x00004af7   0x10  Code  Gb  strlen.o [4]
vNo                     0x000053ec    0x1  Data  Gb  main.o [1]
vUART2RxProcess         0x000053d8    0xc  Data  Gb  main.o [1]
vUART2TxProcess         0x000053cc    0xc  Data  Gb  main.o [1]
vtemp                   0x000051a0  0x100  Data  Gb  main.o [1]


[1] = C:\Users\openvox\Desktop\mytest\mydemo\MM32F003xx_q_Lib_Samples_V1.08_SC\Boards_MM32F003xx_q\CBF003TW_q_lib\UART\UART_TxPollRxNVIC\IAR_PRJ\Debug\Obj
[2] = command line
[3] = dl6M_tlf.a
[4] = rt6M_tl.a
[5] = shb_l.a

  3 338 bytes of readonly  code memory
    124 bytes of readonly  data memory
  1 633 bytes of readwrite data memory

Errors: none
Warnings: none
