###############################################################################
#
# IAR ELF Linker V8.10.1.12857/W32 for ARM                01/Jul/2019  15:02:35
# Copyright 2007-2017 IAR Systems AB.
#
#    Output file  =  
#        C:\Users\openvox\Desktop\mytest\mydemo\mm32f003_rs485\Boards_MM32F003xx_q\CBF003TW_q_lib\UART\my_rs485_card\IAR_PRJ\Debug\Exe\MM32.out
#    Map file     =  
#        C:\Users\openvox\Desktop\mytest\mydemo\mm32f003_rs485\Boards_MM32F003xx_q\CBF003TW_q_lib\UART\my_rs485_card\IAR_PRJ\Debug\List\MM32.map
#    Command line =  
#        -f C:\Users\openvox\AppData\Local\Temp\EW81C4.tmp
#        (C:\Users\openvox\Desktop\mytest\mydemo\mm32f003_rs485\Boards_MM32F003xx_q\CBF003TW_q_lib\UART\my_rs485_card\IAR_PRJ\Debug\Obj\HAL_adc.o
#        C:\Users\openvox\Desktop\mytest\mydemo\mm32f003_rs485\Boards_MM32F003xx_q\CBF003TW_q_lib\UART\my_rs485_card\IAR_PRJ\Debug\Obj\HAL_crc.o
#        C:\Users\openvox\Desktop\mytest\mydemo\mm32f003_rs485\Boards_MM32F003xx_q\CBF003TW_q_lib\UART\my_rs485_card\IAR_PRJ\Debug\Obj\HAL_dma.o
#        C:\Users\openvox\Desktop\mytest\mydemo\mm32f003_rs485\Boards_MM32F003xx_q\CBF003TW_q_lib\UART\my_rs485_card\IAR_PRJ\Debug\Obj\HAL_exti.o
#        C:\Users\openvox\Desktop\mytest\mydemo\mm32f003_rs485\Boards_MM32F003xx_q\CBF003TW_q_lib\UART\my_rs485_card\IAR_PRJ\Debug\Obj\HAL_flash.o
#        C:\Users\openvox\Desktop\mytest\mydemo\mm32f003_rs485\Boards_MM32F003xx_q\CBF003TW_q_lib\UART\my_rs485_card\IAR_PRJ\Debug\Obj\HAL_gpio.o
#        C:\Users\openvox\Desktop\mytest\mydemo\mm32f003_rs485\Boards_MM32F003xx_q\CBF003TW_q_lib\UART\my_rs485_card\IAR_PRJ\Debug\Obj\HAL_i2c.o
#        C:\Users\openvox\Desktop\mytest\mydemo\mm32f003_rs485\Boards_MM32F003xx_q\CBF003TW_q_lib\UART\my_rs485_card\IAR_PRJ\Debug\Obj\HAL_iwdg.o
#        C:\Users\openvox\Desktop\mytest\mydemo\mm32f003_rs485\Boards_MM32F003xx_q\CBF003TW_q_lib\UART\my_rs485_card\IAR_PRJ\Debug\Obj\HAL_misc.o
#        C:\Users\openvox\Desktop\mytest\mydemo\mm32f003_rs485\Boards_MM32F003xx_q\CBF003TW_q_lib\UART\my_rs485_card\IAR_PRJ\Debug\Obj\HAL_pwr.o
#        C:\Users\openvox\Desktop\mytest\mydemo\mm32f003_rs485\Boards_MM32F003xx_q\CBF003TW_q_lib\UART\my_rs485_card\IAR_PRJ\Debug\Obj\HAL_rcc.o
#        C:\Users\openvox\Desktop\mytest\mydemo\mm32f003_rs485\Boards_MM32F003xx_q\CBF003TW_q_lib\UART\my_rs485_card\IAR_PRJ\Debug\Obj\HAL_spi.o
#        C:\Users\openvox\Desktop\mytest\mydemo\mm32f003_rs485\Boards_MM32F003xx_q\CBF003TW_q_lib\UART\my_rs485_card\IAR_PRJ\Debug\Obj\HAL_syscfg.o
#        C:\Users\openvox\Desktop\mytest\mydemo\mm32f003_rs485\Boards_MM32F003xx_q\CBF003TW_q_lib\UART\my_rs485_card\IAR_PRJ\Debug\Obj\HAL_tim.o
#        C:\Users\openvox\Desktop\mytest\mydemo\mm32f003_rs485\Boards_MM32F003xx_q\CBF003TW_q_lib\UART\my_rs485_card\IAR_PRJ\Debug\Obj\HAL_uart.o
#        C:\Users\openvox\Desktop\mytest\mydemo\mm32f003_rs485\Boards_MM32F003xx_q\CBF003TW_q_lib\UART\my_rs485_card\IAR_PRJ\Debug\Obj\HAL_wwdg.o
#        C:\Users\openvox\Desktop\mytest\mydemo\mm32f003_rs485\Boards_MM32F003xx_q\CBF003TW_q_lib\UART\my_rs485_card\IAR_PRJ\Debug\Obj\main.o
#        C:\Users\openvox\Desktop\mytest\mydemo\mm32f003_rs485\Boards_MM32F003xx_q\CBF003TW_q_lib\UART\my_rs485_card\IAR_PRJ\Debug\Obj\startup_MM32F003_q.o
#        C:\Users\openvox\Desktop\mytest\mydemo\mm32f003_rs485\Boards_MM32F003xx_q\CBF003TW_q_lib\UART\my_rs485_card\IAR_PRJ\Debug\Obj\system_MM32F003_q.o
#        -o
#        C:\Users\openvox\Desktop\mytest\mydemo\mm32f003_rs485\Boards_MM32F003xx_q\CBF003TW_q_lib\UART\my_rs485_card\IAR_PRJ\Debug\Exe\MM32.out
#        --map
#        C:\Users\openvox\Desktop\mytest\mydemo\mm32f003_rs485\Boards_MM32F003xx_q\CBF003TW_q_lib\UART\my_rs485_card\IAR_PRJ\Debug\List\MM32.map
#        --config "D:\Program Files (x86)\IAR Systems\Embedded Workbench
#        8.0\arm\config\linker\MindMotion\MM32F003TW.icf" --semihosting --entry
#        __iar_program_start --vfe --text_out locale)
#
###############################################################################

*******************************************************************************
*** RUNTIME MODEL ATTRIBUTES
***

CppFlavor       = *
__SystemLibrary = DLib
__dlib_version  = 6


*******************************************************************************
*** HEAP SELECTION
***

The basic heap was selected because no calls to memory allocation
functions were found in the application outside of system library
functions, and there are calls to deallocation functions in the
application.


*******************************************************************************
*** PLACEMENT SUMMARY
***

"A0":  place at 0x08000000 { ro section .intvec };
"P1":  place in [from 0x08000000 to 0x08003fff] { ro };
"P2":  place in [from 0x20000000 to 0x200007ff] { rw, block CSTACK, block HEAP };
initialize by copy { rw };

  Section            Kind        Address   Size  Object
  -------            ----        -------   ----  ------
"A0":                                      0xb4
  .intvec            ro code  0x08000000   0xb4  startup_MM32F003_q.o [1]
                            - 0x080000b4   0xb4

"P1":                                     0xe60
  .text              ro code  0x080000b4  0x564  main.o [1]
  .text              ro code  0x08000618   0xae  I32DivModFast.o [4]
  .text              ro code  0x080006c6    0xa  xsprout.o [3]
  .text              ro code  0x080006d0   0xf4  HAL_uart.o [1]
  .text              ro code  0x080007c4   0x40  sprintf.o [3]
  .text              ro code  0x08000804  0x122  HAL_gpio.o [1]
  .text              ro code  0x08000926    0x2  startup_MM32F003_q.o [1]
  .text              ro code  0x08000928   0x5c  ABImemcpy.o [4]
  .text              ro code  0x08000984   0x74  HAL_misc.o [1]
  .text              ro code  0x080009f8   0xdc  HAL_rcc.o [1]
  .text              ro code  0x08000ad4    0x2  IntDivZer.o [4]
  .text              ro code  0x08000ad6  0x188  xprintftiny.o [3]
  .text              ro code  0x08000c5e   0x10  strlen.o [4]
  .text              ro code  0x08000c6e    0x2  startup_MM32F003_q.o [1]
  .text              ro code  0x08000c70   0xd4  system_MM32F003_q.o [1]
  .text              ro code  0x08000d44   0x40  zero_init3.o [4]
  .text              ro code  0x08000d84   0x30  copy_init3.o [4]
  .text              ro code  0x08000db4   0x28  data_init.o [4]
  .rodata            const    0x08000ddc   0x24  main.o [1]
  .iar.init_table    const    0x08000e00   0x24  - Linker created -
  .text              ro code  0x08000e24   0x1a  cmain.o [4]
  .text              ro code  0x08000e3e    0x4  low_level_init.o [3]
  .text              ro code  0x08000e42    0x8  exit.o [3]
  .text              ro code  0x08000e4a    0x2  startup_MM32F003_q.o [1]
  .text              ro code  0x08000e4c    0xa  cexit.o [4]
  .text              ro code  0x08000e56    0x2  startup_MM32F003_q.o [1]
  .text              ro code  0x08000e58   0x14  exit.o [5]
  .rodata            const    0x08000e6c   0x18  main.o [1]
  Initializer bytes  const    0x08000e84   0x14  <for P2-1>
  .rodata            const    0x08000e98   0x10  main.o [1]
  .rodata            const    0x08000ea8   0x10  main.o [1]
  .rodata            const    0x08000eb8   0x10  main.o [1]
  .text              ro code  0x08000ec8   0x10  startup_MM32F003_q.o [1]
  .text              ro code  0x08000ed8    0xc  cstartup_M.o [4]
  .text              ro code  0x08000ee4    0x2  startup_MM32F003_q.o [1]
  .text              ro code  0x08000ee6    0x2  startup_MM32F003_q.o [1]
  .text              ro code  0x08000ee8    0x2  startup_MM32F003_q.o [1]
  .text              ro code  0x08000eea    0x2  startup_MM32F003_q.o [1]
  .text              ro code  0x08000eec    0x2  startup_MM32F003_q.o [1]
  .text              ro code  0x08000eee    0x2  startup_MM32F003_q.o [1]
  .text              ro code  0x08000ef0    0x2  startup_MM32F003_q.o [1]
  .text              ro code  0x08000ef2    0x2  startup_MM32F003_q.o [1]
  .text              ro code  0x08000ef4    0x2  startup_MM32F003_q.o [1]
  .text              ro code  0x08000ef6    0x2  startup_MM32F003_q.o [1]
  .text              ro code  0x08000ef8    0x2  startup_MM32F003_q.o [1]
  .text              ro code  0x08000efa    0x2  startup_MM32F003_q.o [1]
  .text              ro code  0x08000efc    0x2  startup_MM32F003_q.o [1]
  .text              ro code  0x08000efe    0x2  startup_MM32F003_q.o [1]
  .text              ro code  0x08000f00    0x2  startup_MM32F003_q.o [1]
  .text              ro code  0x08000f02    0x2  startup_MM32F003_q.o [1]
  .text              ro code  0x08000f04    0x2  startup_MM32F003_q.o [1]
  .text              ro code  0x08000f06    0x2  startup_MM32F003_q.o [1]
  .text              ro code  0x08000f08    0x2  startup_MM32F003_q.o [1]
  .text              ro code  0x08000f0a    0x2  startup_MM32F003_q.o [1]
  .text              ro code  0x08000f0c    0x2  startup_MM32F003_q.o [1]
  .text              ro code  0x08000f0e    0x2  startup_MM32F003_q.o [1]
  .text              ro code  0x08000f10    0x2  startup_MM32F003_q.o [1]
  .text              ro code  0x08000f12    0x2  startup_MM32F003_q.o [1]
  .rodata            const    0x08000f14    0x0  zero_init3.o [4]
  .rodata            const    0x08000f14    0x0  copy_init3.o [4]
                            - 0x08000f14  0xe60

"P2", part 1 of 3:                         0x14
  P2-1                        0x20000000   0x14  <Init block>
    .data            inited   0x20000000   0x10  HAL_rcc.o [1]
    .data            inited   0x20000010    0x4  system_MM32F003_q.o [1]
                            - 0x20000014   0x14

"P2", part 2 of 3:                        0x400
  CSTACK                      0x20000018  0x400  <Block>
    CSTACK           uninit   0x20000018  0x400  <Block tail>
                            - 0x20000418  0x400

"P2", part 3 of 3:                        0x250
  .bss               zero     0x20000418  0x100  main.o [1]
  .bss               zero     0x20000518   0x64  main.o [1]
  .bss               zero     0x2000057c   0x64  main.o [1]
  .bss               zero     0x200005e0   0x64  main.o [1]
  .bss               zero     0x20000644    0xc  main.o [1]
  .bss               zero     0x20000650    0xc  main.o [1]
  .bss               zero     0x2000065c    0x4  main.o [1]
  .bss               zero     0x20000660    0x4  main.o [1]
  .bss               zero     0x20000664    0x1  main.o [1]
                            - 0x20000665  0x24d


*******************************************************************************
*** INIT TABLE
***

          Address     Size
          -------     ----
Zero (__iar_zero_init3)
    1 destination range, total size 0x24d:
          0x20000418  0x24d

Copy (__iar_copy_init3)
    1 source range, total size 0x14:
          0x08000e84   0x14
    1 destination range, total size 0x14:
          0x20000000   0x14



*******************************************************************************
*** MODULE SUMMARY
***

    Module                ro code  ro data  rw data
    ------                -------  -------  -------
C:\Users\openvox\Desktop\mytest\mydemo\mm32f003_rs485\Boards_MM32F003xx_q\CBF003TW_q_lib\UART\my_rs485_card\IAR_PRJ\Debug\Obj: [1]
    HAL_gpio.o                290
    HAL_misc.o                116
    HAL_rcc.o                 220       16       16
    HAL_uart.o                244
    main.o                  1 380      108      589
    startup_MM32F003_q.o      252
    system_MM32F003_q.o       212        4        4
    -----------------------------------------------
    Total:                  2 714      128      609

command line: [2]
    -----------------------------------------------
    Total:

dl6M_tlf.a: [3]
    exit.o                      8
    low_level_init.o            4
    sprintf.o                  64
    xprintftiny.o             392
    xsprout.o                  10
    -----------------------------------------------
    Total:                    478

rt6M_tl.a: [4]
    ABImemcpy.o                92
    I32DivModFast.o           174
    IntDivZer.o                 2
    cexit.o                    10
    cmain.o                    26
    copy_init3.o               48
    cstartup_M.o               12
    data_init.o                40
    strlen.o                   16
    zero_init3.o               64
    -----------------------------------------------
    Total:                    484

shb_l.a: [5]
    exit.o                     20
    -----------------------------------------------
    Total:                     20

    Linker created                      36    1 024
---------------------------------------------------
    Grand Total:            3 696      164    1 633


*******************************************************************************
*** ENTRY LIST
***

Entry                      Address   Size  Type      Object
-----                      -------   ----  ----      ------
.iar.init_table$$Base   0x08000e00          --   Gb  - Linker created -
.iar.init_table$$Limit  0x08000e24          --   Gb  - Linker created -
?main                   0x08000e25         Code  Gb  cmain.o [4]
APBAHBPrescTable        0x20000000   0x10  Data  Lc  HAL_rcc.o [1]
CSTACK$$Base            0x20000018          --   Gb  - Linker created -
CSTACK$$Limit           0x20000418          --   Gb  - Linker created -
GPIO_Clock_Set          0x08000569   0x52  Code  Gb  main.o [1]
GPIO_ConfigInit         0x080005bb   0x26  Code  Gb  main.o [1]
GPIO_Init               0x08000805   0xc0  Code  Gb  HAL_gpio.o [1]
GPIO_PinAFConfig        0x080008d1   0x56  Code  Gb  HAL_gpio.o [1]
GPIO_ResetBits          0x080008cb    0x6  Code  Gb  HAL_gpio.o [1]
GPIO_SetBits            0x080008c5    0x6  Code  Gb  HAL_gpio.o [1]
InitSystick             0x0800016d   0x1e  Code  Gb  main.o [1]
NVIC_ConfigInit         0x0800046d   0x1c  Code  Gb  main.o [1]
NVIC_Init               0x08000985   0x68  Code  Gb  HAL_misc.o [1]
NVIC_SetPriority        0x080000b5   0x88  Code  Lc  main.o [1]
RCC_AHBPeriphClockCmd   0x08000a77   0x20  Code  Gb  HAL_rcc.o [1]
RCC_APB1PeriphClockCmd  0x08000a97   0x20  Code  Gb  HAL_rcc.o [1]
RCC_GetClocksFreq       0x080009f9   0x7e  Code  Gb  HAL_rcc.o [1]
Region$$Table$$Base     0x08000e00          --   Gb  - Linker created -
Region$$Table$$Limit    0x08000e24          --   Gb  - Linker created -
RxBuf                   0x20000518   0x64  Data  Gb  main.o [1]
SetSysClock             0x08000cb1    0x8  Code  Lc  system_MM32F003_q.o [1]
SetSysClockTo48_HSI     0x08000cb9   0x6a  Code  Lc  system_MM32F003_q.o [1]
SysTick_Config          0x0800013d   0x30  Code  Lc  main.o [1]
SysTick_Count           0x2000065c    0x4  Data  Gb  main.o [1]
SysTick_Handler         0x0800018b   0x30  Code  Gb  main.o [1]
SystemCoreClock         0x20000010    0x4  Data  Gb  system_MM32F003_q.o [1]
SystemInit              0x08000c71   0x40  Code  Gb  system_MM32F003_q.o [1]
TxBuf                   0x2000057c   0x64  Data  Gb  main.o [1]
UART2_IRQHandler        0x08000395   0xc8  Code  Gb  main.o [1]
UART2_ReadBuf           0x08000213   0x6e  Code  Gb  main.o [1]
UART2_RxProcessStructInit
                        0x080001e7   0x2c  Code  Gb  main.o [1]
UART2_TxProcessStructInit
                        0x080001bb   0x2c  Code  Gb  main.o [1]
UART2_WriteBuf          0x08000281   0x7e  Code  Gb  main.o [1]
UART_ClearITPendingBit  0x080007bf    0x6  Code  Gb  HAL_uart.o [1]
UART_Cmd                0x0800073b   0x1c  Code  Gb  HAL_uart.o [1]
UART_GetFlagStatus      0x0800078b   0x1a  Code  Gb  HAL_uart.o [1]
UART_GetITStatus        0x080007a5   0x1a  Code  Gb  HAL_uart.o [1]
UART_ITConfig           0x08000761   0x1c  Code  Gb  HAL_uart.o [1]
UART_Init               0x080006d1   0x6a  Code  Gb  HAL_uart.o [1]
UART_ReceiveData        0x08000785    0x6  Code  Gb  HAL_uart.o [1]
UART_SendData           0x0800077d    0x8  Code  Gb  HAL_uart.o [1]
UartSendAscii           0x08000553   0x16  Code  Gb  main.o [1]
UartSendByte            0x0800053d    0xc  Code  Gb  main.o [1]
UartSendGroup           0x08000549    0xa  Code  Gb  main.o [1]
Uart_ConfigInit         0x08000489   0xaa  Code  Gb  main.o [1]
_PrintfTiny             0x08000af1  0x16e  Code  Gb  xprintftiny.o [3]
_SProut                 0x080006c7    0xa  Code  Gb  xsprout.o [3]
__ICFEDIT_region_RAM_end__ {Abs}
                        0x200007ff         Data  Gb  command line/config [2]
__ICFEDIT_region_RAM_start__ {Abs}
                        0x20000000         Data  Gb  command line/config [2]
__aeabi_idiv0           0x08000ad5         Code  Gb  IntDivZer.o [4]
__aeabi_memcpy          0x08000929         Code  Gb  ABImemcpy.o [4]
__aeabi_uidiv           0x08000619         Code  Gb  I32DivModFast.o [4]
__aeabi_uidivmod        0x08000619         Code  Gb  I32DivModFast.o [4]
__cmain                 0x08000e25         Code  Gb  cmain.o [4]
__exit                  0x08000e59   0x14  Code  Gb  exit.o [5]
__iar_copy_init3        0x08000d85   0x30  Code  Gb  copy_init3.o [4]
__iar_data_init3        0x08000db5   0x28  Code  Gb  data_init.o [4]
__iar_program_start     0x08000ed9         Code  Gb  cstartup_M.o [4]
__iar_systems$$module {Abs}
                        0x00000001         Data  Gb  command line/config [2]
__iar_zero_init3        0x08000d45   0x40  Code  Gb  zero_init3.o [4]
__low_level_init        0x08000e3f    0x4  Code  Gb  low_level_init.o [3]
__vector_table          0x08000000         Data  Gb  startup_MM32F003_q.o [1]
_call_main              0x08000e31         Code  Gb  cmain.o [4]
_exit                   0x08000e4d         Code  Gb  cexit.o [4]
_main                   0x08000e3b         Code  Gb  cmain.o [4]
delay                   0x080002ff    0xc  Code  Lc  main.o [1]
exit                    0x08000e43    0x8  Code  Gb  exit.o [3]
gDlycnt                 0x20000660    0x4  Data  Gb  main.o [1]
main                    0x0800030b   0x74  Code  Gb  main.o [1]
out                     0x08000ad7   0x1a  Code  Lc  xprintftiny.o [3]
printBuf                0x200005e0   0x64  Data  Gb  main.o [1]
sprintf                 0x080007c5   0x40  Code  Gb  sprintf.o [3]
strlen                  0x08000c5f   0x10  Code  Gb  strlen.o [4]
vNo                     0x20000664    0x1  Data  Gb  main.o [1]
vUART2RxProcess         0x20000650    0xc  Data  Gb  main.o [1]
vUART2TxProcess         0x20000644    0xc  Data  Gb  main.o [1]
vtemp                   0x20000418  0x100  Data  Gb  main.o [1]


[1] = C:\Users\openvox\Desktop\mytest\mydemo\mm32f003_rs485\Boards_MM32F003xx_q\CBF003TW_q_lib\UART\my_rs485_card\IAR_PRJ\Debug\Obj
[2] = command line
[3] = dl6M_tlf.a
[4] = rt6M_tl.a
[5] = shb_l.a

  3 696 bytes of readonly  code memory
    164 bytes of readonly  data memory
  1 633 bytes of readwrite data memory

Errors: none
Warnings: none
